MPLINK 4.36, Linker
Linker Map File - Created Wed Oct 06 15:26:43 2010

                                 Section Info
                  Section       Type    Address   Location Size(Bytes)
                ---------  ---------  ---------  ---------  ---------
                   .org_0       code   0x000000    program   0x000002
                   .cinit    romdata   0x000001    program   0x000004
                   .org_1       code   0x000004    program   0x00006e
                MAIN_PROG       code   0x00003b    program   0x0001c0
          CHANGE_SETTINGS       code   0x00011b    program   0x000142
            SEQUENCE_DATA       code   0x0001bc    program   0x000118
                  TX_DALI       code   0x000248    program   0x0000fa
                  RX_DALI       code   0x0002c5    program   0x0000e4
               SETUP_DALI       code   0x000337    program   0x000072
           QUERY_SETTINGS       code   0x000370    program   0x000060
               TIME_COUNT       code   0x0003a0    program   0x00004e
               RESET_LOAD       code   0x0003c7    program   0x000022
            WRITE_EE_DATA       code   0x0003d8    program   0x00001c
          DELAY_CYCLES_T1       code   0x0003e6    program   0x00000e
          BRIDGE_COMMANDS       code   0x0003ed    program   0x00000e
                 TX_RS232       code   0x0003f4    program   0x000004
      .config_2007_MAIN.O       code   0x002007    program   0x000002
                  EE_DATA       code   0x002100    program   0x000046
                MAIN_DATA      udata   0x000020       data   0x000022
                  ACCESS1      udata   0x000071       data   0x000009



                              Program Memory Usage 
                               Start         End      
                           ---------   ---------      
                            0x000000    0x000002      
                            0x000004    0x0003f5      
                            0x002007    0x002007      
                            0x002100    0x002122      
            1049 out of 2183 program addresses used, program memory utilization is 48%



                              Symbols - Sorted by Name
                     Name    Address   Location    Storage File                     
                ---------  ---------  ---------  --------- ---------                
                 AutoFind   0x000337    program     static E:\Lukas\DALI_MixWerk\DALI Bridge MixWerk - MPASM project\cmd4.asm
             ChngBaudRate   0x0001b2    program     extern E:\Lukas\DALI_MixWerk\DALI Bridge MixWerk - MPASM project\cmd5.asm
         ChngDblSendDelay   0x00019e    program     extern E:\Lukas\DALI_MixWerk\DALI Bridge MixWerk - MPASM project\cmd5.asm
              ChngRXDebug   0x000197    program     extern E:\Lukas\DALI_MixWerk\DALI Bridge MixWerk - MPASM project\cmd5.asm
          ChngRXDelayNext   0x000184    program     extern E:\Lukas\DALI_MixWerk\DALI Bridge MixWerk - MPASM project\cmd5.asm
        ChngRXSampleDelay   0x000171    program     extern E:\Lukas\DALI_MixWerk\DALI Bridge MixWerk - MPASM project\cmd5.asm
         ChngRXStartDelay   0x00015e    program     extern E:\Lukas\DALI_MixWerk\DALI Bridge MixWerk - MPASM project\cmd5.asm
               ChngRXWait   0x000154    program     extern E:\Lukas\DALI_MixWerk\DALI Bridge MixWerk - MPASM project\cmd5.asm
        ChngSequenceDelay   0x0001a8    program     extern E:\Lukas\DALI_MixWerk\DALI Bridge MixWerk - MPASM project\cmd5.asm
          ChngTXEdgeDelay   0x00011b    program     extern E:\Lukas\DALI_MixWerk\DALI Bridge MixWerk - MPASM project\cmd5.asm
           ChngTXRegDelay   0x000141    program     extern E:\Lukas\DALI_MixWerk\DALI Bridge MixWerk - MPASM project\cmd5.asm
          ChngTXStopDelay   0x00012e    program     extern E:\Lukas\DALI_MixWerk\DALI Bridge MixWerk - MPASM project\cmd5.asm
                 CommEcho   0x0003f1    program     extern E:\Lukas\DALI_MixWerk\DALI Bridge MixWerk - MPASM project\cmd1.asm
            DelayCyclesT1   0x0003e6    program     extern E:\Lukas\DALI_MixWerk\DALI Bridge MixWerk - MPASM project\delay.asm
               DoubleSend   0x0001d8    program     extern E:\Lukas\DALI_MixWerk\DALI Bridge MixWerk - MPASM project\cmd3.asm
            DoubleSendAck   0x0001d6    program     extern E:\Lukas\DALI_MixWerk\DALI Bridge MixWerk - MPASM project\cmd3.asm
                  EndSend   0x00020e    program     static E:\Lukas\DALI_MixWerk\DALI Bridge MixWerk - MPASM project\cmd3.asm
                  FinRecv   0x000321    program     static E:\Lukas\DALI_MixWerk\DALI Bridge MixWerk - MPASM project\rxdali.asm
                      Jp1   0x000225    program     static E:\Lukas\DALI_MixWerk\DALI Bridge MixWerk - MPASM project\cmd3.asm
                      Jp1   0x0003b7    program     static E:\Lukas\DALI_MixWerk\DALI Bridge MixWerk - MPASM project\timecnt.asm
                      Jp2   0x000245    program     static E:\Lukas\DALI_MixWerk\DALI Bridge MixWerk - MPASM project\cmd3.asm
                      Jp3   0x00035a    program     static E:\Lukas\DALI_MixWerk\DALI Bridge MixWerk - MPASM project\cmd4.asm
                      Jp4   0x000369    program     static E:\Lukas\DALI_MixWerk\DALI Bridge MixWerk - MPASM project\cmd4.asm
                LoadReset   0x0003c7    program     extern E:\Lukas\DALI_MixWerk\DALI Bridge MixWerk - MPASM project\reset.asm
                LookForHi   0x00031c    program     static E:\Lukas\DALI_MixWerk\DALI Bridge MixWerk - MPASM project\rxdali.asm
                LookForLo   0x000317    program     static E:\Lukas\DALI_MixWerk\DALI Bridge MixWerk - MPASM project\rxdali.asm
                      Lp1   0x0003e9    program     static E:\Lukas\DALI_MixWerk\DALI Bridge MixWerk - MPASM project\delay.asm
                      Lp1   0x000340    program     static E:\Lukas\DALI_MixWerk\DALI Bridge MixWerk - MPASM project\cmd4.asm
                      Lp1   0x000034    program     static E:\Lukas\DALI_MixWerk\DALI Bridge MixWerk - MPASM project\main.asm
                      Lp1   0x0001e1    program     static E:\Lukas\DALI_MixWerk\DALI Bridge MixWerk - MPASM project\cmd3.asm
                      Lp1   0x0003cc    program     static E:\Lukas\DALI_MixWerk\DALI Bridge MixWerk - MPASM project\reset.asm
                      Lp1   0x0003e0    program     static E:\Lukas\DALI_MixWerk\DALI Bridge MixWerk - MPASM project\writeee.asm
                     Lp10   0x0002c6    program     static E:\Lukas\DALI_MixWerk\DALI Bridge MixWerk - MPASM project\rxdali.asm
                      Lp2   0x0001f8    program     static E:\Lukas\DALI_MixWerk\DALI Bridge MixWerk - MPASM project\cmd3.asm
                      Lp2   0x000058    program     static E:\Lukas\DALI_MixWerk\DALI Bridge MixWerk - MPASM project\main.asm
                      Lp3   0x000204    program     static E:\Lukas\DALI_MixWerk\DALI Bridge MixWerk - MPASM project\cmd3.asm
                      Lp3   0x000067    program     static E:\Lukas\DALI_MixWerk\DALI Bridge MixWerk - MPASM project\main.asm
                     Main   0x00003b    program     extern E:\Lukas\DALI_MixWerk\DALI Bridge MixWerk - MPASM project\main.asm
                 MainLoop   0x00004d    program     static E:\Lukas\DALI_MixWerk\DALI Bridge MixWerk - MPASM project\main.asm
                 OverLoad   0x0003bd    program     static E:\Lukas\DALI_MixWerk\DALI Bridge MixWerk - MPASM project\timecnt.asm
          QueryDblSendDel   0x00039a    program     extern E:\Lukas\DALI_MixWerk\DALI Bridge MixWerk - MPASM project\cmd6.asm
             QueryRXDebug   0x000397    program     extern E:\Lukas\DALI_MixWerk\DALI Bridge MixWerk - MPASM project\cmd6.asm
            QueryRXNext_H   0x000391    program     extern E:\Lukas\DALI_MixWerk\DALI Bridge MixWerk - MPASM project\cmd6.asm
            QueryRXNext_L   0x000394    program     extern E:\Lukas\DALI_MixWerk\DALI Bridge MixWerk - MPASM project\cmd6.asm
          QueryRXSample_H   0x00038b    program     extern E:\Lukas\DALI_MixWerk\DALI Bridge MixWerk - MPASM project\cmd6.asm
          QueryRXSample_L   0x00038e    program     extern E:\Lukas\DALI_MixWerk\DALI Bridge MixWerk - MPASM project\cmd6.asm
           QueryRXStart_H   0x000385    program     extern E:\Lukas\DALI_MixWerk\DALI Bridge MixWerk - MPASM project\cmd6.asm
           QueryRXStart_L   0x000388    program     extern E:\Lukas\DALI_MixWerk\DALI Bridge MixWerk - MPASM project\cmd6.asm
              QueryRXWait   0x000382    program     extern E:\Lukas\DALI_MixWerk\DALI Bridge MixWerk - MPASM project\cmd6.asm
              QuerySeqDel   0x00039d    program     extern E:\Lukas\DALI_MixWerk\DALI Bridge MixWerk - MPASM project\cmd6.asm
            QueryTXEdge_H   0x000370    program     extern E:\Lukas\DALI_MixWerk\DALI Bridge MixWerk - MPASM project\cmd6.asm
            QueryTXEdge_L   0x000373    program     extern E:\Lukas\DALI_MixWerk\DALI Bridge MixWerk - MPASM project\cmd6.asm
             QueryTXReg_H   0x00037c    program     extern E:\Lukas\DALI_MixWerk\DALI Bridge MixWerk - MPASM project\cmd6.asm
             QueryTXReg_L   0x00037f    program     extern E:\Lukas\DALI_MixWerk\DALI Bridge MixWerk - MPASM project\cmd6.asm
            QueryTXStop_H   0x000376    program     extern E:\Lukas\DALI_MixWerk\DALI Bridge MixWerk - MPASM project\cmd6.asm
            QueryTXStop_L   0x000379    program     extern E:\Lukas\DALI_MixWerk\DALI Bridge MixWerk - MPASM project\cmd6.asm
                  RecvBit   0x000312    program     static E:\Lukas\DALI_MixWerk\DALI Bridge MixWerk - MPASM project\rxdali.asm
                 RecvData   0x0002c5    program     extern E:\Lukas\DALI_MixWerk\DALI Bridge MixWerk - MPASM project\rxdali.asm
                RecvError   0x000335    program     static E:\Lukas\DALI_MixWerk\DALI Bridge MixWerk - MPASM project\rxdali.asm
                ReportErr   0x00030f    program     static E:\Lukas\DALI_MixWerk\DALI Bridge MixWerk - MPASM project\rxdali.asm
             ReportStatus   0x0003ee    program     extern E:\Lukas\DALI_MixWerk\DALI Bridge MixWerk - MPASM project\cmd1.asm
              ResetBridge   0x0003ed    program     extern E:\Lukas\DALI_MixWerk\DALI Bridge MixWerk - MPASM project\cmd1.asm
                 SendData   0x000248    program     extern E:\Lukas\DALI_MixWerk\DALI Bridge MixWerk - MPASM project\txdali.asm
              SendReceive   0x000213    program     extern E:\Lukas\DALI_MixWerk\DALI Bridge MixWerk - MPASM project\cmd3.asm
            SendReceiveSB   0x000236    program     extern E:\Lukas\DALI_MixWerk\DALI Bridge MixWerk - MPASM project\cmd3.asm
             SendSequence   0x0001ed    program     extern E:\Lukas\DALI_MixWerk\DALI Bridge MixWerk - MPASM project\cmd3.asm
          SendSequenceAck   0x0001eb    program     extern E:\Lukas\DALI_MixWerk\DALI Bridge MixWerk - MPASM project\cmd3.asm
            SequenceDATA1   0x0001bc    program     extern E:\Lukas\DALI_MixWerk\DALI Bridge MixWerk - MPASM project\cmd2.asm
            SequenceDATA2   0x0001c1    program     extern E:\Lukas\DALI_MixWerk\DALI Bridge MixWerk - MPASM project\cmd2.asm
            SequenceDATA3   0x0001c6    program     extern E:\Lukas\DALI_MixWerk\DALI Bridge MixWerk - MPASM project\cmd2.asm
                    Setup   0x00000a    program     static E:\Lukas\DALI_MixWerk\DALI Bridge MixWerk - MPASM project\main.asm
               SingleSend   0x0001cd    program     extern E:\Lukas\DALI_MixWerk\DALI Bridge MixWerk - MPASM project\cmd3.asm
            SingleSendAck   0x0001cb    program     extern E:\Lukas\DALI_MixWerk\DALI Bridge MixWerk - MPASM project\cmd3.asm
              TimeCounter   0x0003a0    program     extern E:\Lukas\DALI_MixWerk\DALI Bridge MixWerk - MPASM project\timecnt.asm
              WriteEEData   0x0003d8    program     extern E:\Lukas\DALI_MixWerk\DALI Bridge MixWerk - MPASM project\writeee.asm
                  XmitOne   0x0002a3    program     static E:\Lukas\DALI_MixWerk\DALI Bridge MixWerk - MPASM project\txdali.asm
                 XmitZero   0x0002b4    program     static E:\Lukas\DALI_MixWerk\DALI Bridge MixWerk - MPASM project\txdali.asm
            _TX_DALI_0048   0x000290    program     static E:\Lukas\DALI_MixWerk\DALI Bridge MixWerk - MPASM project\txdali.asm
            _TX_DALI_005C   0x0002a4    program     static E:\Lukas\DALI_MixWerk\DALI Bridge MixWerk - MPASM project\txdali.asm
            _TX_DALI_0064   0x0002ac    program     static E:\Lukas\DALI_MixWerk\DALI Bridge MixWerk - MPASM project\txdali.asm
            _TX_DALI_006D   0x0002b5    program     static E:\Lukas\DALI_MixWerk\DALI Bridge MixWerk - MPASM project\txdali.asm
            _TX_DALI_0075   0x0002bd    program     static E:\Lukas\DALI_MixWerk\DALI Bridge MixWerk - MPASM project\txdali.asm
              _XMIT_RS232   0x0003f4    program     extern E:\Lukas\DALI_MixWerk\DALI Bridge MixWerk - MPASM project\rs232.asm
             doDoubleSend   0x0001d9    program     static E:\Lukas\DALI_MixWerk\DALI Bridge MixWerk - MPASM project\cmd3.asm
           doSendSequence   0x0001ee    program     static E:\Lukas\DALI_MixWerk\DALI Bridge MixWerk - MPASM project\cmd3.asm
             doSingleSend   0x0001ce    program     static E:\Lukas\DALI_MixWerk\DALI Bridge MixWerk - MPASM project\cmd3.asm
                BAUD_RATE   0x000030       data     extern E:\Lukas\DALI_MixWerk\DALI Bridge MixWerk - MPASM project\main.inc
            BRIDGE_STATUS   0x000034       data     extern E:\Lukas\DALI_MixWerk\DALI Bridge MixWerk - MPASM project\main.inc
                  COMMAND   0x000031       data     static E:\Lukas\DALI_MixWerk\DALI Bridge MixWerk - MPASM project\main.inc
                COUNTER_L   0x00003d       data     extern E:\Lukas\DALI_MixWerk\DALI Bridge MixWerk - MPASM project\main.inc
                   DALI_H   0x000032       data     extern E:\Lukas\DALI_MixWerk\DALI Bridge MixWerk - MPASM project\main.inc
              DALI_H_BAK1   0x000035       data     extern E:\Lukas\DALI_MixWerk\DALI Bridge MixWerk - MPASM project\main.inc
              DALI_H_BAK2   0x000037       data     extern E:\Lukas\DALI_MixWerk\DALI Bridge MixWerk - MPASM project\main.inc
              DALI_H_BAK3   0x000039       data     extern E:\Lukas\DALI_MixWerk\DALI Bridge MixWerk - MPASM project\main.inc
                   DALI_L   0x000033       data     extern E:\Lukas\DALI_MixWerk\DALI Bridge MixWerk - MPASM project\main.inc
              DALI_L_BAK1   0x000036       data     extern E:\Lukas\DALI_MixWerk\DALI Bridge MixWerk - MPASM project\main.inc
              DALI_L_BAK2   0x000038       data     extern E:\Lukas\DALI_MixWerk\DALI Bridge MixWerk - MPASM project\main.inc
              DALI_L_BAK3   0x00003a       data     extern E:\Lukas\DALI_MixWerk\DALI Bridge MixWerk - MPASM project\main.inc
        DOUBLE_SEND_DELAY   0x00002e       data     extern E:\Lukas\DALI_MixWerk\DALI Bridge MixWerk - MPASM project\main.inc
             MILLISECONDS   0x00003b       data     extern E:\Lukas\DALI_MixWerk\DALI Bridge MixWerk - MPASM project\main.inc
            OVER_LOAD_CNT   0x00003c       data     extern E:\Lukas\DALI_MixWerk\DALI Bridge MixWerk - MPASM project\main.inc
               PORTB_COPY   0x000073       data     extern E:\Lukas\DALI_MixWerk\DALI Bridge MixWerk - MPASM project\main.inc
                 RX_DEBUG   0x00002d       data     extern E:\Lukas\DALI_MixWerk\DALI Bridge MixWerk - MPASM project\main.inc
          RX_DELAY_NEXT_H   0x00002b       data     extern E:\Lukas\DALI_MixWerk\DALI Bridge MixWerk - MPASM project\main.inc
          RX_DELAY_NEXT_L   0x00002c       data     extern E:\Lukas\DALI_MixWerk\DALI Bridge MixWerk - MPASM project\main.inc
        RX_SAMPLE_DELAY_H   0x000029       data     extern E:\Lukas\DALI_MixWerk\DALI Bridge MixWerk - MPASM project\main.inc
        RX_SAMPLE_DELAY_L   0x00002a       data     extern E:\Lukas\DALI_MixWerk\DALI Bridge MixWerk - MPASM project\main.inc
         RX_START_DELAY_H   0x000027       data     extern E:\Lukas\DALI_MixWerk\DALI Bridge MixWerk - MPASM project\main.inc
         RX_START_DELAY_L   0x000028       data     extern E:\Lukas\DALI_MixWerk\DALI Bridge MixWerk - MPASM project\main.inc
                  RX_WAIT   0x000026       data     extern E:\Lukas\DALI_MixWerk\DALI Bridge MixWerk - MPASM project\main.inc
                 SEARCH_H   0x00003e       data     extern E:\Lukas\DALI_MixWerk\DALI Bridge MixWerk - MPASM project\main.inc
                 SEARCH_L   0x000040       data     extern E:\Lukas\DALI_MixWerk\DALI Bridge MixWerk - MPASM project\main.inc
                 SEARCH_M   0x00003f       data     extern E:\Lukas\DALI_MixWerk\DALI Bridge MixWerk - MPASM project\main.inc
           SEQUENCE_DELAY   0x00002f       data     extern E:\Lukas\DALI_MixWerk\DALI Bridge MixWerk - MPASM project\main.inc
              STATUS_COPY   0x000072       data     extern E:\Lukas\DALI_MixWerk\DALI Bridge MixWerk - MPASM project\main.inc
          TX_EDGE_DELAY_H   0x000020       data     extern E:\Lukas\DALI_MixWerk\DALI Bridge MixWerk - MPASM project\main.inc
          TX_EDGE_DELAY_L   0x000021       data     extern E:\Lukas\DALI_MixWerk\DALI Bridge MixWerk - MPASM project\main.inc
           TX_REG_DELAY_H   0x000024       data     extern E:\Lukas\DALI_MixWerk\DALI Bridge MixWerk - MPASM project\main.inc
           TX_REG_DELAY_L   0x000025       data     extern E:\Lukas\DALI_MixWerk\DALI Bridge MixWerk - MPASM project\main.inc
          TX_STOP_DELAY_H   0x000022       data     extern E:\Lukas\DALI_MixWerk\DALI Bridge MixWerk - MPASM project\main.inc
          TX_STOP_DELAY_L   0x000023       data     extern E:\Lukas\DALI_MixWerk\DALI Bridge MixWerk - MPASM project\main.inc
                 WITH_ACK   0x000041       data     extern E:\Lukas\DALI_MixWerk\DALI Bridge MixWerk - MPASM project\main.inc
                    WREG1   0x000074       data     extern E:\Lukas\DALI_MixWerk\DALI Bridge MixWerk - MPASM project\main.inc
                    WREG2   0x000075       data     extern E:\Lukas\DALI_MixWerk\DALI Bridge MixWerk - MPASM project\main.inc
                    WREG3   0x000076       data     extern E:\Lukas\DALI_MixWerk\DALI Bridge MixWerk - MPASM project\main.inc
                    WREG4   0x000077       data     extern E:\Lukas\DALI_MixWerk\DALI Bridge MixWerk - MPASM project\main.inc
                    WREG5   0x000078       data     extern E:\Lukas\DALI_MixWerk\DALI Bridge MixWerk - MPASM project\main.inc
                    WREG6   0x000079       data     extern E:\Lukas\DALI_MixWerk\DALI Bridge MixWerk - MPASM project\main.inc
                   W_COPY   0x000071       data     extern E:\Lukas\DALI_MixWerk\DALI Bridge MixWerk - MPASM project\main.inc



                              Symbols - Sorted by Address
                     Name    Address   Location    Storage File                     
                ---------  ---------  ---------  --------- ---------                
                    Setup   0x00000a    program     static E:\Lukas\DALI_MixWerk\DALI Bridge MixWerk - MPASM project\main.asm
                      Lp1   0x000034    program     static E:\Lukas\DALI_MixWerk\DALI Bridge MixWerk - MPASM project\main.asm
                     Main   0x00003b    program     extern E:\Lukas\DALI_MixWerk\DALI Bridge MixWerk - MPASM project\main.asm
                 MainLoop   0x00004d    program     static E:\Lukas\DALI_MixWerk\DALI Bridge MixWerk - MPASM project\main.asm
                      Lp2   0x000058    program     static E:\Lukas\DALI_MixWerk\DALI Bridge MixWerk - MPASM project\main.asm
                      Lp3   0x000067    program     static E:\Lukas\DALI_MixWerk\DALI Bridge MixWerk - MPASM project\main.asm
          ChngTXEdgeDelay   0x00011b    program     extern E:\Lukas\DALI_MixWerk\DALI Bridge MixWerk - MPASM project\cmd5.asm
          ChngTXStopDelay   0x00012e    program     extern E:\Lukas\DALI_MixWerk\DALI Bridge MixWerk - MPASM project\cmd5.asm
           ChngTXRegDelay   0x000141    program     extern E:\Lukas\DALI_MixWerk\DALI Bridge MixWerk - MPASM project\cmd5.asm
               ChngRXWait   0x000154    program     extern E:\Lukas\DALI_MixWerk\DALI Bridge MixWerk - MPASM project\cmd5.asm
         ChngRXStartDelay   0x00015e    program     extern E:\Lukas\DALI_MixWerk\DALI Bridge MixWerk - MPASM project\cmd5.asm
        ChngRXSampleDelay   0x000171    program     extern E:\Lukas\DALI_MixWerk\DALI Bridge MixWerk - MPASM project\cmd5.asm
          ChngRXDelayNext   0x000184    program     extern E:\Lukas\DALI_MixWerk\DALI Bridge MixWerk - MPASM project\cmd5.asm
              ChngRXDebug   0x000197    program     extern E:\Lukas\DALI_MixWerk\DALI Bridge MixWerk - MPASM project\cmd5.asm
         ChngDblSendDelay   0x00019e    program     extern E:\Lukas\DALI_MixWerk\DALI Bridge MixWerk - MPASM project\cmd5.asm
        ChngSequenceDelay   0x0001a8    program     extern E:\Lukas\DALI_MixWerk\DALI Bridge MixWerk - MPASM project\cmd5.asm
             ChngBaudRate   0x0001b2    program     extern E:\Lukas\DALI_MixWerk\DALI Bridge MixWerk - MPASM project\cmd5.asm
            SequenceDATA1   0x0001bc    program     extern E:\Lukas\DALI_MixWerk\DALI Bridge MixWerk - MPASM project\cmd2.asm
            SequenceDATA2   0x0001c1    program     extern E:\Lukas\DALI_MixWerk\DALI Bridge MixWerk - MPASM project\cmd2.asm
            SequenceDATA3   0x0001c6    program     extern E:\Lukas\DALI_MixWerk\DALI Bridge MixWerk - MPASM project\cmd2.asm
            SingleSendAck   0x0001cb    program     extern E:\Lukas\DALI_MixWerk\DALI Bridge MixWerk - MPASM project\cmd3.asm
               SingleSend   0x0001cd    program     extern E:\Lukas\DALI_MixWerk\DALI Bridge MixWerk - MPASM project\cmd3.asm
             doSingleSend   0x0001ce    program     static E:\Lukas\DALI_MixWerk\DALI Bridge MixWerk - MPASM project\cmd3.asm
            DoubleSendAck   0x0001d6    program     extern E:\Lukas\DALI_MixWerk\DALI Bridge MixWerk - MPASM project\cmd3.asm
               DoubleSend   0x0001d8    program     extern E:\Lukas\DALI_MixWerk\DALI Bridge MixWerk - MPASM project\cmd3.asm
             doDoubleSend   0x0001d9    program     static E:\Lukas\DALI_MixWerk\DALI Bridge MixWerk - MPASM project\cmd3.asm
                      Lp1   0x0001e1    program     static E:\Lukas\DALI_MixWerk\DALI Bridge MixWerk - MPASM project\cmd3.asm
          SendSequenceAck   0x0001eb    program     extern E:\Lukas\DALI_MixWerk\DALI Bridge MixWerk - MPASM project\cmd3.asm
             SendSequence   0x0001ed    program     extern E:\Lukas\DALI_MixWerk\DALI Bridge MixWerk - MPASM project\cmd3.asm
           doSendSequence   0x0001ee    program     static E:\Lukas\DALI_MixWerk\DALI Bridge MixWerk - MPASM project\cmd3.asm
                      Lp2   0x0001f8    program     static E:\Lukas\DALI_MixWerk\DALI Bridge MixWerk - MPASM project\cmd3.asm
                      Lp3   0x000204    program     static E:\Lukas\DALI_MixWerk\DALI Bridge MixWerk - MPASM project\cmd3.asm
                  EndSend   0x00020e    program     static E:\Lukas\DALI_MixWerk\DALI Bridge MixWerk - MPASM project\cmd3.asm
              SendReceive   0x000213    program     extern E:\Lukas\DALI_MixWerk\DALI Bridge MixWerk - MPASM project\cmd3.asm
                      Jp1   0x000225    program     static E:\Lukas\DALI_MixWerk\DALI Bridge MixWerk - MPASM project\cmd3.asm
            SendReceiveSB   0x000236    program     extern E:\Lukas\DALI_MixWerk\DALI Bridge MixWerk - MPASM project\cmd3.asm
                      Jp2   0x000245    program     static E:\Lukas\DALI_MixWerk\DALI Bridge MixWerk - MPASM project\cmd3.asm
                 SendData   0x000248    program     extern E:\Lukas\DALI_MixWerk\DALI Bridge MixWerk - MPASM project\txdali.asm
            _TX_DALI_0048   0x000290    program     static E:\Lukas\DALI_MixWerk\DALI Bridge MixWerk - MPASM project\txdali.asm
                  XmitOne   0x0002a3    program     static E:\Lukas\DALI_MixWerk\DALI Bridge MixWerk - MPASM project\txdali.asm
            _TX_DALI_005C   0x0002a4    program     static E:\Lukas\DALI_MixWerk\DALI Bridge MixWerk - MPASM project\txdali.asm
            _TX_DALI_0064   0x0002ac    program     static E:\Lukas\DALI_MixWerk\DALI Bridge MixWerk - MPASM project\txdali.asm
                 XmitZero   0x0002b4    program     static E:\Lukas\DALI_MixWerk\DALI Bridge MixWerk - MPASM project\txdali.asm
            _TX_DALI_006D   0x0002b5    program     static E:\Lukas\DALI_MixWerk\DALI Bridge MixWerk - MPASM project\txdali.asm
            _TX_DALI_0075   0x0002bd    program     static E:\Lukas\DALI_MixWerk\DALI Bridge MixWerk - MPASM project\txdali.asm
                 RecvData   0x0002c5    program     extern E:\Lukas\DALI_MixWerk\DALI Bridge MixWerk - MPASM project\rxdali.asm
                     Lp10   0x0002c6    program     static E:\Lukas\DALI_MixWerk\DALI Bridge MixWerk - MPASM project\rxdali.asm
                ReportErr   0x00030f    program     static E:\Lukas\DALI_MixWerk\DALI Bridge MixWerk - MPASM project\rxdali.asm
                  RecvBit   0x000312    program     static E:\Lukas\DALI_MixWerk\DALI Bridge MixWerk - MPASM project\rxdali.asm
                LookForLo   0x000317    program     static E:\Lukas\DALI_MixWerk\DALI Bridge MixWerk - MPASM project\rxdali.asm
                LookForHi   0x00031c    program     static E:\Lukas\DALI_MixWerk\DALI Bridge MixWerk - MPASM project\rxdali.asm
                  FinRecv   0x000321    program     static E:\Lukas\DALI_MixWerk\DALI Bridge MixWerk - MPASM project\rxdali.asm
                RecvError   0x000335    program     static E:\Lukas\DALI_MixWerk\DALI Bridge MixWerk - MPASM project\rxdali.asm
                 AutoFind   0x000337    program     static E:\Lukas\DALI_MixWerk\DALI Bridge MixWerk - MPASM project\cmd4.asm
                      Lp1   0x000340    program     static E:\Lukas\DALI_MixWerk\DALI Bridge MixWerk - MPASM project\cmd4.asm
                      Jp3   0x00035a    program     static E:\Lukas\DALI_MixWerk\DALI Bridge MixWerk - MPASM project\cmd4.asm
                      Jp4   0x000369    program     static E:\Lukas\DALI_MixWerk\DALI Bridge MixWerk - MPASM project\cmd4.asm
            QueryTXEdge_H   0x000370    program     extern E:\Lukas\DALI_MixWerk\DALI Bridge MixWerk - MPASM project\cmd6.asm
            QueryTXEdge_L   0x000373    program     extern E:\Lukas\DALI_MixWerk\DALI Bridge MixWerk - MPASM project\cmd6.asm
            QueryTXStop_H   0x000376    program     extern E:\Lukas\DALI_MixWerk\DALI Bridge MixWerk - MPASM project\cmd6.asm
            QueryTXStop_L   0x000379    program     extern E:\Lukas\DALI_MixWerk\DALI Bridge MixWerk - MPASM project\cmd6.asm
             QueryTXReg_H   0x00037c    program     extern E:\Lukas\DALI_MixWerk\DALI Bridge MixWerk - MPASM project\cmd6.asm
             QueryTXReg_L   0x00037f    program     extern E:\Lukas\DALI_MixWerk\DALI Bridge MixWerk - MPASM project\cmd6.asm
              QueryRXWait   0x000382    program     extern E:\Lukas\DALI_MixWerk\DALI Bridge MixWerk - MPASM project\cmd6.asm
           QueryRXStart_H   0x000385    program     extern E:\Lukas\DALI_MixWerk\DALI Bridge MixWerk - MPASM project\cmd6.asm
           QueryRXStart_L   0x000388    program     extern E:\Lukas\DALI_MixWerk\DALI Bridge MixWerk - MPASM project\cmd6.asm
          QueryRXSample_H   0x00038b    program     extern E:\Lukas\DALI_MixWerk\DALI Bridge MixWerk - MPASM project\cmd6.asm
          QueryRXSample_L   0x00038e    program     extern E:\Lukas\DALI_MixWerk\DALI Bridge MixWerk - MPASM project\cmd6.asm
            QueryRXNext_H   0x000391    program     extern E:\Lukas\DALI_MixWerk\DALI Bridge MixWerk - MPASM project\cmd6.asm
            QueryRXNext_L   0x000394    program     extern E:\Lukas\DALI_MixWerk\DALI Bridge MixWerk - MPASM project\cmd6.asm
             QueryRXDebug   0x000397    program     extern E:\Lukas\DALI_MixWerk\DALI Bridge MixWerk - MPASM project\cmd6.asm
          QueryDblSendDel   0x00039a    program     extern E:\Lukas\DALI_MixWerk\DALI Bridge MixWerk - MPASM project\cmd6.asm
              QuerySeqDel   0x00039d    program     extern E:\Lukas\DALI_MixWerk\DALI Bridge MixWerk - MPASM project\cmd6.asm
              TimeCounter   0x0003a0    program     extern E:\Lukas\DALI_MixWerk\DALI Bridge MixWerk - MPASM project\timecnt.asm
                      Jp1   0x0003b7    program     static E:\Lukas\DALI_MixWerk\DALI Bridge MixWerk - MPASM project\timecnt.asm
                 OverLoad   0x0003bd    program     static E:\Lukas\DALI_MixWerk\DALI Bridge MixWerk - MPASM project\timecnt.asm
                LoadReset   0x0003c7    program     extern E:\Lukas\DALI_MixWerk\DALI Bridge MixWerk - MPASM project\reset.asm
                      Lp1   0x0003cc    program     static E:\Lukas\DALI_MixWerk\DALI Bridge MixWerk - MPASM project\reset.asm
              WriteEEData   0x0003d8    program     extern E:\Lukas\DALI_MixWerk\DALI Bridge MixWerk - MPASM project\writeee.asm
                      Lp1   0x0003e0    program     static E:\Lukas\DALI_MixWerk\DALI Bridge MixWerk - MPASM project\writeee.asm
            DelayCyclesT1   0x0003e6    program     extern E:\Lukas\DALI_MixWerk\DALI Bridge MixWerk - MPASM project\delay.asm
                      Lp1   0x0003e9    program     static E:\Lukas\DALI_MixWerk\DALI Bridge MixWerk - MPASM project\delay.asm
              ResetBridge   0x0003ed    program     extern E:\Lukas\DALI_MixWerk\DALI Bridge MixWerk - MPASM project\cmd1.asm
             ReportStatus   0x0003ee    program     extern E:\Lukas\DALI_MixWerk\DALI Bridge MixWerk - MPASM project\cmd1.asm
                 CommEcho   0x0003f1    program     extern E:\Lukas\DALI_MixWerk\DALI Bridge MixWerk - MPASM project\cmd1.asm
              _XMIT_RS232   0x0003f4    program     extern E:\Lukas\DALI_MixWerk\DALI Bridge MixWerk - MPASM project\rs232.asm
          TX_EDGE_DELAY_H   0x000020       data     extern E:\Lukas\DALI_MixWerk\DALI Bridge MixWerk - MPASM project\main.inc
          TX_EDGE_DELAY_L   0x000021       data     extern E:\Lukas\DALI_MixWerk\DALI Bridge MixWerk - MPASM project\main.inc
          TX_STOP_DELAY_H   0x000022       data     extern E:\Lukas\DALI_MixWerk\DALI Bridge MixWerk - MPASM project\main.inc
          TX_STOP_DELAY_L   0x000023       data     extern E:\Lukas\DALI_MixWerk\DALI Bridge MixWerk - MPASM project\main.inc
           TX_REG_DELAY_H   0x000024       data     extern E:\Lukas\DALI_MixWerk\DALI Bridge MixWerk - MPASM project\main.inc
           TX_REG_DELAY_L   0x000025       data     extern E:\Lukas\DALI_MixWerk\DALI Bridge MixWerk - MPASM project\main.inc
                  RX_WAIT   0x000026       data     extern E:\Lukas\DALI_MixWerk\DALI Bridge MixWerk - MPASM project\main.inc
         RX_START_DELAY_H   0x000027       data     extern E:\Lukas\DALI_MixWerk\DALI Bridge MixWerk - MPASM project\main.inc
         RX_START_DELAY_L   0x000028       data     extern E:\Lukas\DALI_MixWerk\DALI Bridge MixWerk - MPASM project\main.inc
        RX_SAMPLE_DELAY_H   0x000029       data     extern E:\Lukas\DALI_MixWerk\DALI Bridge MixWerk - MPASM project\main.inc
        RX_SAMPLE_DELAY_L   0x00002a       data     extern E:\Lukas\DALI_MixWerk\DALI Bridge MixWerk - MPASM project\main.inc
          RX_DELAY_NEXT_H   0x00002b       data     extern E:\Lukas\DALI_MixWerk\DALI Bridge MixWerk - MPASM project\main.inc
          RX_DELAY_NEXT_L   0x00002c       data     extern E:\Lukas\DALI_MixWerk\DALI Bridge MixWerk - MPASM project\main.inc
                 RX_DEBUG   0x00002d       data     extern E:\Lukas\DALI_MixWerk\DALI Bridge MixWerk - MPASM project\main.inc
        DOUBLE_SEND_DELAY   0x00002e       data     extern E:\Lukas\DALI_MixWerk\DALI Bridge MixWerk - MPASM project\main.inc
           SEQUENCE_DELAY   0x00002f       data     extern E:\Lukas\DALI_MixWerk\DALI Bridge MixWerk - MPASM project\main.inc
                BAUD_RATE   0x000030       data     extern E:\Lukas\DALI_MixWerk\DALI Bridge MixWerk - MPASM project\main.inc
                  COMMAND   0x000031       data     static E:\Lukas\DALI_MixWerk\DALI Bridge MixWerk - MPASM project\main.inc
                   DALI_H   0x000032       data     extern E:\Lukas\DALI_MixWerk\DALI Bridge MixWerk - MPASM project\main.inc
                   DALI_L   0x000033       data     extern E:\Lukas\DALI_MixWerk\DALI Bridge MixWerk - MPASM project\main.inc
            BRIDGE_STATUS   0x000034       data     extern E:\Lukas\DALI_MixWerk\DALI Bridge MixWerk - MPASM project\main.inc
              DALI_H_BAK1   0x000035       data     extern E:\Lukas\DALI_MixWerk\DALI Bridge MixWerk - MPASM project\main.inc
              DALI_L_BAK1   0x000036       data     extern E:\Lukas\DALI_MixWerk\DALI Bridge MixWerk - MPASM project\main.inc
              DALI_H_BAK2   0x000037       data     extern E:\Lukas\DALI_MixWerk\DALI Bridge MixWerk - MPASM project\main.inc
              DALI_L_BAK2   0x000038       data     extern E:\Lukas\DALI_MixWerk\DALI Bridge MixWerk - MPASM project\main.inc
              DALI_H_BAK3   0x000039       data     extern E:\Lukas\DALI_MixWerk\DALI Bridge MixWerk - MPASM project\main.inc
              DALI_L_BAK3   0x00003a       data     extern E:\Lukas\DALI_MixWerk\DALI Bridge MixWerk - MPASM project\main.inc
             MILLISECONDS   0x00003b       data     extern E:\Lukas\DALI_MixWerk\DALI Bridge MixWerk - MPASM project\main.inc
            OVER_LOAD_CNT   0x00003c       data     extern E:\Lukas\DALI_MixWerk\DALI Bridge MixWerk - MPASM project\main.inc
                COUNTER_L   0x00003d       data     extern E:\Lukas\DALI_MixWerk\DALI Bridge MixWerk - MPASM project\main.inc
                 SEARCH_H   0x00003e       data     extern E:\Lukas\DALI_MixWerk\DALI Bridge MixWerk - MPASM project\main.inc
                 SEARCH_M   0x00003f       data     extern E:\Lukas\DALI_MixWerk\DALI Bridge MixWerk - MPASM project\main.inc
                 SEARCH_L   0x000040       data     extern E:\Lukas\DALI_MixWerk\DALI Bridge MixWerk - MPASM project\main.inc
                 WITH_ACK   0x000041       data     extern E:\Lukas\DALI_MixWerk\DALI Bridge MixWerk - MPASM project\main.inc
                   W_COPY   0x000071       data     extern E:\Lukas\DALI_MixWerk\DALI Bridge MixWerk - MPASM project\main.inc
              STATUS_COPY   0x000072       data     extern E:\Lukas\DALI_MixWerk\DALI Bridge MixWerk - MPASM project\main.inc
               PORTB_COPY   0x000073       data     extern E:\Lukas\DALI_MixWerk\DALI Bridge MixWerk - MPASM project\main.inc
                    WREG1   0x000074       data     extern E:\Lukas\DALI_MixWerk\DALI Bridge MixWerk - MPASM project\main.inc
                    WREG2   0x000075       data     extern E:\Lukas\DALI_MixWerk\DALI Bridge MixWerk - MPASM project\main.inc
                    WREG3   0x000076       data     extern E:\Lukas\DALI_MixWerk\DALI Bridge MixWerk - MPASM project\main.inc
                    WREG4   0x000077       data     extern E:\Lukas\DALI_MixWerk\DALI Bridge MixWerk - MPASM project\main.inc
                    WREG5   0x000078       data     extern E:\Lukas\DALI_MixWerk\DALI Bridge MixWerk - MPASM project\main.inc
                    WREG6   0x000079       data     extern E:\Lukas\DALI_MixWerk\DALI Bridge MixWerk - MPASM project\main.inc


