MPLINK 4.36, Linker
Linker Map File - Created Wed Sep 29 15:52:29 2010

                                 Section Info
                  Section       Type    Address   Location Size(Bytes)
                ---------  ---------  ---------  ---------  ---------
                   .cinit    romdata   0x000000    program   0x000004
                MAIN_PROG       code   0x000002    program   0x000192
          CHANGE_SETTINGS       code   0x0000cb    program   0x000142
                  TX_DALI       code   0x00016c    program   0x0000fa
                  RX_DALI       code   0x0001e9    program   0x0000e4
            SEQUENCE_DATA       code   0x00025b    program   0x0000d8
               MAIN_SETUP       code   0x0002c7    program   0x0000a4
               SETUP_DALI       code   0x000319    program   0x000072
           QUERY_SETTINGS       code   0x000352    program   0x000060
               TIME_COUNT       code   0x000382    program   0x00004e
               RESET_LOAD       code   0x0003a9    program   0x000022
            WRITE_EE_DATA       code   0x0003ba    program   0x00001c
          DELAY_CYCLES_T1       code   0x0003c8    program   0x00000e
                   INTVCT       code   0x0003cf    program   0x00000c
          BRIDGE_COMMANDS       code   0x0003d5    program   0x000008
                 TX_RS232       code   0x0003d9    program   0x000004
                  STARTUP       code   0x0003db    program   0x000002
      .config_2007_MAIN.O       code   0x002007    program   0x000002
                  EE_DATA       code   0x002100    program   0x000046
                MAIN_DATA      udata   0x000020       data   0x000021
                  ACCESS1      udata   0x000070       data   0x000009



                              Program Memory Usage 
                               Start         End      
                           ---------   ---------      
                            0x000000    0x0003db      
                            0x002007    0x002007      
                            0x002100    0x002122      
            1024 out of 2181 program addresses used, program memory utilization is 46%



                              Symbols - Sorted by Name
                     Name    Address   Location    Storage File                     
                ---------  ---------  ---------  --------- ---------                
                 AutoFind   0x000319    program     static E:\Lukas\DALI_MixWerk\DALI_Bridge_Source_00811\v2_04a\cmd4.asm
             ChngBaudRate   0x000162    program     extern E:\Lukas\DALI_MixWerk\DALI_Bridge_Source_00811\v2_04a\cmd5.asm
         ChngDblSendDelay   0x00014e    program     extern E:\Lukas\DALI_MixWerk\DALI_Bridge_Source_00811\v2_04a\cmd5.asm
              ChngRXDebug   0x000147    program     extern E:\Lukas\DALI_MixWerk\DALI_Bridge_Source_00811\v2_04a\cmd5.asm
          ChngRXDelayNext   0x000134    program     extern E:\Lukas\DALI_MixWerk\DALI_Bridge_Source_00811\v2_04a\cmd5.asm
        ChngRXSampleDelay   0x000121    program     extern E:\Lukas\DALI_MixWerk\DALI_Bridge_Source_00811\v2_04a\cmd5.asm
         ChngRXStartDelay   0x00010e    program     extern E:\Lukas\DALI_MixWerk\DALI_Bridge_Source_00811\v2_04a\cmd5.asm
               ChngRXWait   0x000104    program     extern E:\Lukas\DALI_MixWerk\DALI_Bridge_Source_00811\v2_04a\cmd5.asm
        ChngSequenceDelay   0x000158    program     extern E:\Lukas\DALI_MixWerk\DALI_Bridge_Source_00811\v2_04a\cmd5.asm
          ChngTXEdgeDelay   0x0000cb    program     extern E:\Lukas\DALI_MixWerk\DALI_Bridge_Source_00811\v2_04a\cmd5.asm
           ChngTXRegDelay   0x0000f1    program     extern E:\Lukas\DALI_MixWerk\DALI_Bridge_Source_00811\v2_04a\cmd5.asm
          ChngTXStopDelay   0x0000de    program     extern E:\Lukas\DALI_MixWerk\DALI_Bridge_Source_00811\v2_04a\cmd5.asm
            DelayCyclesT1   0x0003c8    program     extern E:\Lukas\DALI_MixWerk\DALI_Bridge_Source_00811\v2_04a\delay.asm
               DoubleSend   0x000272    program     extern E:\Lukas\DALI_MixWerk\DALI_Bridge_Source_00811\v2_04a\cmd3.asm
                  FinRecv   0x000245    program     static E:\Lukas\DALI_MixWerk\DALI_Bridge_Source_00811\v2_04a\rxdali.asm
                      Jp1   0x000296    program     static E:\Lukas\DALI_MixWerk\DALI_Bridge_Source_00811\v2_04a\cmd3.asm
                      Jp1   0x000399    program     static E:\Lukas\DALI_MixWerk\DALI_Bridge_Source_00811\v2_04a\timecnt.asm
                      Jp3   0x00033c    program     static E:\Lukas\DALI_MixWerk\DALI_Bridge_Source_00811\v2_04a\cmd4.asm
                      Jp4   0x00034b    program     static E:\Lukas\DALI_MixWerk\DALI_Bridge_Source_00811\v2_04a\cmd4.asm
                LoadReset   0x0003a9    program     extern E:\Lukas\DALI_MixWerk\DALI_Bridge_Source_00811\v2_04a\reset.asm
                LookForHi   0x000240    program     static E:\Lukas\DALI_MixWerk\DALI_Bridge_Source_00811\v2_04a\rxdali.asm
                LookForLo   0x00023b    program     static E:\Lukas\DALI_MixWerk\DALI_Bridge_Source_00811\v2_04a\rxdali.asm
                      Lp1   0x0003cb    program     static E:\Lukas\DALI_MixWerk\DALI_Bridge_Source_00811\v2_04a\delay.asm
                      Lp1   0x000312    program     static E:\Lukas\DALI_MixWerk\DALI_Bridge_Source_00811\v2_04a\main.asm
                      Lp1   0x000322    program     static E:\Lukas\DALI_MixWerk\DALI_Bridge_Source_00811\v2_04a\cmd4.asm
                      Lp1   0x0003ae    program     static E:\Lukas\DALI_MixWerk\DALI_Bridge_Source_00811\v2_04a\reset.asm
                      Lp1   0x0003c2    program     static E:\Lukas\DALI_MixWerk\DALI_Bridge_Source_00811\v2_04a\writeee.asm
                      Lp1   0x00027a    program     static E:\Lukas\DALI_MixWerk\DALI_Bridge_Source_00811\v2_04a\cmd3.asm
                     Lp10   0x0001ea    program     static E:\Lukas\DALI_MixWerk\DALI_Bridge_Source_00811\v2_04a\rxdali.asm
                      Lp2   0x0002b1    program     static E:\Lukas\DALI_MixWerk\DALI_Bridge_Source_00811\v2_04a\cmd3.asm
                      Lp2   0x00001f    program     static E:\Lukas\DALI_MixWerk\DALI_Bridge_Source_00811\v2_04a\main.asm
                      Lp3   0x0002bd    program     static E:\Lukas\DALI_MixWerk\DALI_Bridge_Source_00811\v2_04a\cmd3.asm
                      Lp3   0x00002d    program     static E:\Lukas\DALI_MixWerk\DALI_Bridge_Source_00811\v2_04a\main.asm
                     Main   0x000002    program     extern E:\Lukas\DALI_MixWerk\DALI_Bridge_Source_00811\v2_04a\main.asm
                 MainLoop   0x000014    program     static E:\Lukas\DALI_MixWerk\DALI_Bridge_Source_00811\v2_04a\main.asm
                 OverLoad   0x00039f    program     static E:\Lukas\DALI_MixWerk\DALI_Bridge_Source_00811\v2_04a\timecnt.asm
          QueryDblSendDel   0x00037c    program     extern E:\Lukas\DALI_MixWerk\DALI_Bridge_Source_00811\v2_04a\cmd6.asm
             QueryRXDebug   0x000379    program     extern E:\Lukas\DALI_MixWerk\DALI_Bridge_Source_00811\v2_04a\cmd6.asm
            QueryRXNext_H   0x000373    program     extern E:\Lukas\DALI_MixWerk\DALI_Bridge_Source_00811\v2_04a\cmd6.asm
            QueryRXNext_L   0x000376    program     extern E:\Lukas\DALI_MixWerk\DALI_Bridge_Source_00811\v2_04a\cmd6.asm
          QueryRXSample_H   0x00036d    program     extern E:\Lukas\DALI_MixWerk\DALI_Bridge_Source_00811\v2_04a\cmd6.asm
          QueryRXSample_L   0x000370    program     extern E:\Lukas\DALI_MixWerk\DALI_Bridge_Source_00811\v2_04a\cmd6.asm
           QueryRXStart_H   0x000367    program     extern E:\Lukas\DALI_MixWerk\DALI_Bridge_Source_00811\v2_04a\cmd6.asm
           QueryRXStart_L   0x00036a    program     extern E:\Lukas\DALI_MixWerk\DALI_Bridge_Source_00811\v2_04a\cmd6.asm
              QueryRXWait   0x000364    program     extern E:\Lukas\DALI_MixWerk\DALI_Bridge_Source_00811\v2_04a\cmd6.asm
              QuerySeqDel   0x00037f    program     extern E:\Lukas\DALI_MixWerk\DALI_Bridge_Source_00811\v2_04a\cmd6.asm
            QueryTXEdge_H   0x000352    program     extern E:\Lukas\DALI_MixWerk\DALI_Bridge_Source_00811\v2_04a\cmd6.asm
            QueryTXEdge_L   0x000355    program     extern E:\Lukas\DALI_MixWerk\DALI_Bridge_Source_00811\v2_04a\cmd6.asm
             QueryTXReg_H   0x00035e    program     extern E:\Lukas\DALI_MixWerk\DALI_Bridge_Source_00811\v2_04a\cmd6.asm
             QueryTXReg_L   0x000361    program     extern E:\Lukas\DALI_MixWerk\DALI_Bridge_Source_00811\v2_04a\cmd6.asm
            QueryTXStop_H   0x000358    program     extern E:\Lukas\DALI_MixWerk\DALI_Bridge_Source_00811\v2_04a\cmd6.asm
            QueryTXStop_L   0x00035b    program     extern E:\Lukas\DALI_MixWerk\DALI_Bridge_Source_00811\v2_04a\cmd6.asm
                  RecvBit   0x000236    program     static E:\Lukas\DALI_MixWerk\DALI_Bridge_Source_00811\v2_04a\rxdali.asm
                 RecvData   0x0001e9    program     extern E:\Lukas\DALI_MixWerk\DALI_Bridge_Source_00811\v2_04a\rxdali.asm
                RecvError   0x000259    program     static E:\Lukas\DALI_MixWerk\DALI_Bridge_Source_00811\v2_04a\rxdali.asm
                ReportErr   0x000233    program     static E:\Lukas\DALI_MixWerk\DALI_Bridge_Source_00811\v2_04a\rxdali.asm
             ReportStatus   0x0003d6    program     extern E:\Lukas\DALI_MixWerk\DALI_Bridge_Source_00811\v2_04a\cmd1.asm
              ResetBridge   0x0003d5    program     extern E:\Lukas\DALI_MixWerk\DALI_Bridge_Source_00811\v2_04a\cmd1.asm
                 SendData   0x00016c    program     extern E:\Lukas\DALI_MixWerk\DALI_Bridge_Source_00811\v2_04a\txdali.asm
              SendReceive   0x000284    program     extern E:\Lukas\DALI_MixWerk\DALI_Bridge_Source_00811\v2_04a\cmd3.asm
             SendSequence   0x0002a7    program     extern E:\Lukas\DALI_MixWerk\DALI_Bridge_Source_00811\v2_04a\cmd3.asm
            SequenceDATA1   0x00025b    program     extern E:\Lukas\DALI_MixWerk\DALI_Bridge_Source_00811\v2_04a\cmd2.asm
            SequenceDATA2   0x000260    program     extern E:\Lukas\DALI_MixWerk\DALI_Bridge_Source_00811\v2_04a\cmd2.asm
            SequenceDATA3   0x000265    program     extern E:\Lukas\DALI_MixWerk\DALI_Bridge_Source_00811\v2_04a\cmd2.asm
                    Setup   0x0002c7    program     static E:\Lukas\DALI_MixWerk\DALI_Bridge_Source_00811\v2_04a\main.asm
               SingleSend   0x00026a    program     extern E:\Lukas\DALI_MixWerk\DALI_Bridge_Source_00811\v2_04a\cmd3.asm
              TimeCounter   0x000382    program     extern E:\Lukas\DALI_MixWerk\DALI_Bridge_Source_00811\v2_04a\timecnt.asm
              WriteEEData   0x0003ba    program     extern E:\Lukas\DALI_MixWerk\DALI_Bridge_Source_00811\v2_04a\writeee.asm
                  XmitOne   0x0001c7    program     static E:\Lukas\DALI_MixWerk\DALI_Bridge_Source_00811\v2_04a\txdali.asm
                 XmitZero   0x0001d8    program     static E:\Lukas\DALI_MixWerk\DALI_Bridge_Source_00811\v2_04a\txdali.asm
            _TX_DALI_0048   0x0001b4    program     static E:\Lukas\DALI_MixWerk\DALI_Bridge_Source_00811\v2_04a\txdali.asm
            _TX_DALI_005C   0x0001c8    program     static E:\Lukas\DALI_MixWerk\DALI_Bridge_Source_00811\v2_04a\txdali.asm
            _TX_DALI_0064   0x0001d0    program     static E:\Lukas\DALI_MixWerk\DALI_Bridge_Source_00811\v2_04a\txdali.asm
            _TX_DALI_006D   0x0001d9    program     static E:\Lukas\DALI_MixWerk\DALI_Bridge_Source_00811\v2_04a\txdali.asm
            _TX_DALI_0075   0x0001e1    program     static E:\Lukas\DALI_MixWerk\DALI_Bridge_Source_00811\v2_04a\txdali.asm
              _XMIT_RS232   0x0003d9    program     extern E:\Lukas\DALI_MixWerk\DALI_Bridge_Source_00811\v2_04a\rs232.asm
                   blinki   0x0002d3    program     static E:\Lukas\DALI_MixWerk\DALI_Bridge_Source_00811\v2_04a\main.asm
                BAUD_RATE   0x000030       data     extern E:\Lukas\DALI_MixWerk\DALI_Bridge_Source_00811\v2_04a\main.inc
            BRIDGE_STATUS   0x000034       data     extern E:\Lukas\DALI_MixWerk\DALI_Bridge_Source_00811\v2_04a\main.inc
                  COMMAND   0x000031       data     static E:\Lukas\DALI_MixWerk\DALI_Bridge_Source_00811\v2_04a\main.inc
                COUNTER_L   0x00003d       data     extern E:\Lukas\DALI_MixWerk\DALI_Bridge_Source_00811\v2_04a\main.inc
                   DALI_H   0x000032       data     extern E:\Lukas\DALI_MixWerk\DALI_Bridge_Source_00811\v2_04a\main.inc
              DALI_H_BAK1   0x000035       data     extern E:\Lukas\DALI_MixWerk\DALI_Bridge_Source_00811\v2_04a\main.inc
              DALI_H_BAK2   0x000037       data     extern E:\Lukas\DALI_MixWerk\DALI_Bridge_Source_00811\v2_04a\main.inc
              DALI_H_BAK3   0x000039       data     extern E:\Lukas\DALI_MixWerk\DALI_Bridge_Source_00811\v2_04a\main.inc
                   DALI_L   0x000033       data     extern E:\Lukas\DALI_MixWerk\DALI_Bridge_Source_00811\v2_04a\main.inc
              DALI_L_BAK1   0x000036       data     extern E:\Lukas\DALI_MixWerk\DALI_Bridge_Source_00811\v2_04a\main.inc
              DALI_L_BAK2   0x000038       data     extern E:\Lukas\DALI_MixWerk\DALI_Bridge_Source_00811\v2_04a\main.inc
              DALI_L_BAK3   0x00003a       data     extern E:\Lukas\DALI_MixWerk\DALI_Bridge_Source_00811\v2_04a\main.inc
        DOUBLE_SEND_DELAY   0x00002e       data     extern E:\Lukas\DALI_MixWerk\DALI_Bridge_Source_00811\v2_04a\main.inc
             MILLISECONDS   0x00003b       data     extern E:\Lukas\DALI_MixWerk\DALI_Bridge_Source_00811\v2_04a\main.inc
            OVER_LOAD_CNT   0x00003c       data     extern E:\Lukas\DALI_MixWerk\DALI_Bridge_Source_00811\v2_04a\main.inc
               PORTB_COPY   0x000072       data     extern E:\Lukas\DALI_MixWerk\DALI_Bridge_Source_00811\v2_04a\main.inc
                 RX_DEBUG   0x00002d       data     extern E:\Lukas\DALI_MixWerk\DALI_Bridge_Source_00811\v2_04a\main.inc
          RX_DELAY_NEXT_H   0x00002b       data     extern E:\Lukas\DALI_MixWerk\DALI_Bridge_Source_00811\v2_04a\main.inc
          RX_DELAY_NEXT_L   0x00002c       data     extern E:\Lukas\DALI_MixWerk\DALI_Bridge_Source_00811\v2_04a\main.inc
        RX_SAMPLE_DELAY_H   0x000029       data     extern E:\Lukas\DALI_MixWerk\DALI_Bridge_Source_00811\v2_04a\main.inc
        RX_SAMPLE_DELAY_L   0x00002a       data     extern E:\Lukas\DALI_MixWerk\DALI_Bridge_Source_00811\v2_04a\main.inc
         RX_START_DELAY_H   0x000027       data     extern E:\Lukas\DALI_MixWerk\DALI_Bridge_Source_00811\v2_04a\main.inc
         RX_START_DELAY_L   0x000028       data     extern E:\Lukas\DALI_MixWerk\DALI_Bridge_Source_00811\v2_04a\main.inc
                  RX_WAIT   0x000026       data     extern E:\Lukas\DALI_MixWerk\DALI_Bridge_Source_00811\v2_04a\main.inc
                 SEARCH_H   0x00003e       data     extern E:\Lukas\DALI_MixWerk\DALI_Bridge_Source_00811\v2_04a\main.inc
                 SEARCH_L   0x000040       data     extern E:\Lukas\DALI_MixWerk\DALI_Bridge_Source_00811\v2_04a\main.inc
                 SEARCH_M   0x00003f       data     extern E:\Lukas\DALI_MixWerk\DALI_Bridge_Source_00811\v2_04a\main.inc
           SEQUENCE_DELAY   0x00002f       data     extern E:\Lukas\DALI_MixWerk\DALI_Bridge_Source_00811\v2_04a\main.inc
              STATUS_COPY   0x000071       data     extern E:\Lukas\DALI_MixWerk\DALI_Bridge_Source_00811\v2_04a\main.inc
          TX_EDGE_DELAY_H   0x000020       data     extern E:\Lukas\DALI_MixWerk\DALI_Bridge_Source_00811\v2_04a\main.inc
          TX_EDGE_DELAY_L   0x000021       data     extern E:\Lukas\DALI_MixWerk\DALI_Bridge_Source_00811\v2_04a\main.inc
           TX_REG_DELAY_H   0x000024       data     extern E:\Lukas\DALI_MixWerk\DALI_Bridge_Source_00811\v2_04a\main.inc
           TX_REG_DELAY_L   0x000025       data     extern E:\Lukas\DALI_MixWerk\DALI_Bridge_Source_00811\v2_04a\main.inc
          TX_STOP_DELAY_H   0x000022       data     extern E:\Lukas\DALI_MixWerk\DALI_Bridge_Source_00811\v2_04a\main.inc
          TX_STOP_DELAY_L   0x000023       data     extern E:\Lukas\DALI_MixWerk\DALI_Bridge_Source_00811\v2_04a\main.inc
                    WREG1   0x000073       data     extern E:\Lukas\DALI_MixWerk\DALI_Bridge_Source_00811\v2_04a\main.inc
                    WREG2   0x000074       data     extern E:\Lukas\DALI_MixWerk\DALI_Bridge_Source_00811\v2_04a\main.inc
                    WREG3   0x000075       data     extern E:\Lukas\DALI_MixWerk\DALI_Bridge_Source_00811\v2_04a\main.inc
                    WREG4   0x000076       data     extern E:\Lukas\DALI_MixWerk\DALI_Bridge_Source_00811\v2_04a\main.inc
                    WREG5   0x000077       data     extern E:\Lukas\DALI_MixWerk\DALI_Bridge_Source_00811\v2_04a\main.inc
                    WREG6   0x000078       data     extern E:\Lukas\DALI_MixWerk\DALI_Bridge_Source_00811\v2_04a\main.inc
                   W_COPY   0x000070       data     extern E:\Lukas\DALI_MixWerk\DALI_Bridge_Source_00811\v2_04a\main.inc



                              Symbols - Sorted by Address
                     Name    Address   Location    Storage File                     
                ---------  ---------  ---------  --------- ---------                
                     Main   0x000002    program     extern E:\Lukas\DALI_MixWerk\DALI_Bridge_Source_00811\v2_04a\main.asm
                 MainLoop   0x000014    program     static E:\Lukas\DALI_MixWerk\DALI_Bridge_Source_00811\v2_04a\main.asm
                      Lp2   0x00001f    program     static E:\Lukas\DALI_MixWerk\DALI_Bridge_Source_00811\v2_04a\main.asm
                      Lp3   0x00002d    program     static E:\Lukas\DALI_MixWerk\DALI_Bridge_Source_00811\v2_04a\main.asm
          ChngTXEdgeDelay   0x0000cb    program     extern E:\Lukas\DALI_MixWerk\DALI_Bridge_Source_00811\v2_04a\cmd5.asm
          ChngTXStopDelay   0x0000de    program     extern E:\Lukas\DALI_MixWerk\DALI_Bridge_Source_00811\v2_04a\cmd5.asm
           ChngTXRegDelay   0x0000f1    program     extern E:\Lukas\DALI_MixWerk\DALI_Bridge_Source_00811\v2_04a\cmd5.asm
               ChngRXWait   0x000104    program     extern E:\Lukas\DALI_MixWerk\DALI_Bridge_Source_00811\v2_04a\cmd5.asm
         ChngRXStartDelay   0x00010e    program     extern E:\Lukas\DALI_MixWerk\DALI_Bridge_Source_00811\v2_04a\cmd5.asm
        ChngRXSampleDelay   0x000121    program     extern E:\Lukas\DALI_MixWerk\DALI_Bridge_Source_00811\v2_04a\cmd5.asm
          ChngRXDelayNext   0x000134    program     extern E:\Lukas\DALI_MixWerk\DALI_Bridge_Source_00811\v2_04a\cmd5.asm
              ChngRXDebug   0x000147    program     extern E:\Lukas\DALI_MixWerk\DALI_Bridge_Source_00811\v2_04a\cmd5.asm
         ChngDblSendDelay   0x00014e    program     extern E:\Lukas\DALI_MixWerk\DALI_Bridge_Source_00811\v2_04a\cmd5.asm
        ChngSequenceDelay   0x000158    program     extern E:\Lukas\DALI_MixWerk\DALI_Bridge_Source_00811\v2_04a\cmd5.asm
             ChngBaudRate   0x000162    program     extern E:\Lukas\DALI_MixWerk\DALI_Bridge_Source_00811\v2_04a\cmd5.asm
                 SendData   0x00016c    program     extern E:\Lukas\DALI_MixWerk\DALI_Bridge_Source_00811\v2_04a\txdali.asm
            _TX_DALI_0048   0x0001b4    program     static E:\Lukas\DALI_MixWerk\DALI_Bridge_Source_00811\v2_04a\txdali.asm
                  XmitOne   0x0001c7    program     static E:\Lukas\DALI_MixWerk\DALI_Bridge_Source_00811\v2_04a\txdali.asm
            _TX_DALI_005C   0x0001c8    program     static E:\Lukas\DALI_MixWerk\DALI_Bridge_Source_00811\v2_04a\txdali.asm
            _TX_DALI_0064   0x0001d0    program     static E:\Lukas\DALI_MixWerk\DALI_Bridge_Source_00811\v2_04a\txdali.asm
                 XmitZero   0x0001d8    program     static E:\Lukas\DALI_MixWerk\DALI_Bridge_Source_00811\v2_04a\txdali.asm
            _TX_DALI_006D   0x0001d9    program     static E:\Lukas\DALI_MixWerk\DALI_Bridge_Source_00811\v2_04a\txdali.asm
            _TX_DALI_0075   0x0001e1    program     static E:\Lukas\DALI_MixWerk\DALI_Bridge_Source_00811\v2_04a\txdali.asm
                 RecvData   0x0001e9    program     extern E:\Lukas\DALI_MixWerk\DALI_Bridge_Source_00811\v2_04a\rxdali.asm
                     Lp10   0x0001ea    program     static E:\Lukas\DALI_MixWerk\DALI_Bridge_Source_00811\v2_04a\rxdali.asm
                ReportErr   0x000233    program     static E:\Lukas\DALI_MixWerk\DALI_Bridge_Source_00811\v2_04a\rxdali.asm
                  RecvBit   0x000236    program     static E:\Lukas\DALI_MixWerk\DALI_Bridge_Source_00811\v2_04a\rxdali.asm
                LookForLo   0x00023b    program     static E:\Lukas\DALI_MixWerk\DALI_Bridge_Source_00811\v2_04a\rxdali.asm
                LookForHi   0x000240    program     static E:\Lukas\DALI_MixWerk\DALI_Bridge_Source_00811\v2_04a\rxdali.asm
                  FinRecv   0x000245    program     static E:\Lukas\DALI_MixWerk\DALI_Bridge_Source_00811\v2_04a\rxdali.asm
                RecvError   0x000259    program     static E:\Lukas\DALI_MixWerk\DALI_Bridge_Source_00811\v2_04a\rxdali.asm
            SequenceDATA1   0x00025b    program     extern E:\Lukas\DALI_MixWerk\DALI_Bridge_Source_00811\v2_04a\cmd2.asm
            SequenceDATA2   0x000260    program     extern E:\Lukas\DALI_MixWerk\DALI_Bridge_Source_00811\v2_04a\cmd2.asm
            SequenceDATA3   0x000265    program     extern E:\Lukas\DALI_MixWerk\DALI_Bridge_Source_00811\v2_04a\cmd2.asm
               SingleSend   0x00026a    program     extern E:\Lukas\DALI_MixWerk\DALI_Bridge_Source_00811\v2_04a\cmd3.asm
               DoubleSend   0x000272    program     extern E:\Lukas\DALI_MixWerk\DALI_Bridge_Source_00811\v2_04a\cmd3.asm
                      Lp1   0x00027a    program     static E:\Lukas\DALI_MixWerk\DALI_Bridge_Source_00811\v2_04a\cmd3.asm
              SendReceive   0x000284    program     extern E:\Lukas\DALI_MixWerk\DALI_Bridge_Source_00811\v2_04a\cmd3.asm
                      Jp1   0x000296    program     static E:\Lukas\DALI_MixWerk\DALI_Bridge_Source_00811\v2_04a\cmd3.asm
             SendSequence   0x0002a7    program     extern E:\Lukas\DALI_MixWerk\DALI_Bridge_Source_00811\v2_04a\cmd3.asm
                      Lp2   0x0002b1    program     static E:\Lukas\DALI_MixWerk\DALI_Bridge_Source_00811\v2_04a\cmd3.asm
                      Lp3   0x0002bd    program     static E:\Lukas\DALI_MixWerk\DALI_Bridge_Source_00811\v2_04a\cmd3.asm
                    Setup   0x0002c7    program     static E:\Lukas\DALI_MixWerk\DALI_Bridge_Source_00811\v2_04a\main.asm
                   blinki   0x0002d3    program     static E:\Lukas\DALI_MixWerk\DALI_Bridge_Source_00811\v2_04a\main.asm
                      Lp1   0x000312    program     static E:\Lukas\DALI_MixWerk\DALI_Bridge_Source_00811\v2_04a\main.asm
                 AutoFind   0x000319    program     static E:\Lukas\DALI_MixWerk\DALI_Bridge_Source_00811\v2_04a\cmd4.asm
                      Lp1   0x000322    program     static E:\Lukas\DALI_MixWerk\DALI_Bridge_Source_00811\v2_04a\cmd4.asm
                      Jp3   0x00033c    program     static E:\Lukas\DALI_MixWerk\DALI_Bridge_Source_00811\v2_04a\cmd4.asm
                      Jp4   0x00034b    program     static E:\Lukas\DALI_MixWerk\DALI_Bridge_Source_00811\v2_04a\cmd4.asm
            QueryTXEdge_H   0x000352    program     extern E:\Lukas\DALI_MixWerk\DALI_Bridge_Source_00811\v2_04a\cmd6.asm
            QueryTXEdge_L   0x000355    program     extern E:\Lukas\DALI_MixWerk\DALI_Bridge_Source_00811\v2_04a\cmd6.asm
            QueryTXStop_H   0x000358    program     extern E:\Lukas\DALI_MixWerk\DALI_Bridge_Source_00811\v2_04a\cmd6.asm
            QueryTXStop_L   0x00035b    program     extern E:\Lukas\DALI_MixWerk\DALI_Bridge_Source_00811\v2_04a\cmd6.asm
             QueryTXReg_H   0x00035e    program     extern E:\Lukas\DALI_MixWerk\DALI_Bridge_Source_00811\v2_04a\cmd6.asm
             QueryTXReg_L   0x000361    program     extern E:\Lukas\DALI_MixWerk\DALI_Bridge_Source_00811\v2_04a\cmd6.asm
              QueryRXWait   0x000364    program     extern E:\Lukas\DALI_MixWerk\DALI_Bridge_Source_00811\v2_04a\cmd6.asm
           QueryRXStart_H   0x000367    program     extern E:\Lukas\DALI_MixWerk\DALI_Bridge_Source_00811\v2_04a\cmd6.asm
           QueryRXStart_L   0x00036a    program     extern E:\Lukas\DALI_MixWerk\DALI_Bridge_Source_00811\v2_04a\cmd6.asm
          QueryRXSample_H   0x00036d    program     extern E:\Lukas\DALI_MixWerk\DALI_Bridge_Source_00811\v2_04a\cmd6.asm
          QueryRXSample_L   0x000370    program     extern E:\Lukas\DALI_MixWerk\DALI_Bridge_Source_00811\v2_04a\cmd6.asm
            QueryRXNext_H   0x000373    program     extern E:\Lukas\DALI_MixWerk\DALI_Bridge_Source_00811\v2_04a\cmd6.asm
            QueryRXNext_L   0x000376    program     extern E:\Lukas\DALI_MixWerk\DALI_Bridge_Source_00811\v2_04a\cmd6.asm
             QueryRXDebug   0x000379    program     extern E:\Lukas\DALI_MixWerk\DALI_Bridge_Source_00811\v2_04a\cmd6.asm
          QueryDblSendDel   0x00037c    program     extern E:\Lukas\DALI_MixWerk\DALI_Bridge_Source_00811\v2_04a\cmd6.asm
              QuerySeqDel   0x00037f    program     extern E:\Lukas\DALI_MixWerk\DALI_Bridge_Source_00811\v2_04a\cmd6.asm
              TimeCounter   0x000382    program     extern E:\Lukas\DALI_MixWerk\DALI_Bridge_Source_00811\v2_04a\timecnt.asm
                      Jp1   0x000399    program     static E:\Lukas\DALI_MixWerk\DALI_Bridge_Source_00811\v2_04a\timecnt.asm
                 OverLoad   0x00039f    program     static E:\Lukas\DALI_MixWerk\DALI_Bridge_Source_00811\v2_04a\timecnt.asm
                LoadReset   0x0003a9    program     extern E:\Lukas\DALI_MixWerk\DALI_Bridge_Source_00811\v2_04a\reset.asm
                      Lp1   0x0003ae    program     static E:\Lukas\DALI_MixWerk\DALI_Bridge_Source_00811\v2_04a\reset.asm
              WriteEEData   0x0003ba    program     extern E:\Lukas\DALI_MixWerk\DALI_Bridge_Source_00811\v2_04a\writeee.asm
                      Lp1   0x0003c2    program     static E:\Lukas\DALI_MixWerk\DALI_Bridge_Source_00811\v2_04a\writeee.asm
            DelayCyclesT1   0x0003c8    program     extern E:\Lukas\DALI_MixWerk\DALI_Bridge_Source_00811\v2_04a\delay.asm
                      Lp1   0x0003cb    program     static E:\Lukas\DALI_MixWerk\DALI_Bridge_Source_00811\v2_04a\delay.asm
              ResetBridge   0x0003d5    program     extern E:\Lukas\DALI_MixWerk\DALI_Bridge_Source_00811\v2_04a\cmd1.asm
             ReportStatus   0x0003d6    program     extern E:\Lukas\DALI_MixWerk\DALI_Bridge_Source_00811\v2_04a\cmd1.asm
              _XMIT_RS232   0x0003d9    program     extern E:\Lukas\DALI_MixWerk\DALI_Bridge_Source_00811\v2_04a\rs232.asm
          TX_EDGE_DELAY_H   0x000020       data     extern E:\Lukas\DALI_MixWerk\DALI_Bridge_Source_00811\v2_04a\main.inc
          TX_EDGE_DELAY_L   0x000021       data     extern E:\Lukas\DALI_MixWerk\DALI_Bridge_Source_00811\v2_04a\main.inc
          TX_STOP_DELAY_H   0x000022       data     extern E:\Lukas\DALI_MixWerk\DALI_Bridge_Source_00811\v2_04a\main.inc
          TX_STOP_DELAY_L   0x000023       data     extern E:\Lukas\DALI_MixWerk\DALI_Bridge_Source_00811\v2_04a\main.inc
           TX_REG_DELAY_H   0x000024       data     extern E:\Lukas\DALI_MixWerk\DALI_Bridge_Source_00811\v2_04a\main.inc
           TX_REG_DELAY_L   0x000025       data     extern E:\Lukas\DALI_MixWerk\DALI_Bridge_Source_00811\v2_04a\main.inc
                  RX_WAIT   0x000026       data     extern E:\Lukas\DALI_MixWerk\DALI_Bridge_Source_00811\v2_04a\main.inc
         RX_START_DELAY_H   0x000027       data     extern E:\Lukas\DALI_MixWerk\DALI_Bridge_Source_00811\v2_04a\main.inc
         RX_START_DELAY_L   0x000028       data     extern E:\Lukas\DALI_MixWerk\DALI_Bridge_Source_00811\v2_04a\main.inc
        RX_SAMPLE_DELAY_H   0x000029       data     extern E:\Lukas\DALI_MixWerk\DALI_Bridge_Source_00811\v2_04a\main.inc
        RX_SAMPLE_DELAY_L   0x00002a       data     extern E:\Lukas\DALI_MixWerk\DALI_Bridge_Source_00811\v2_04a\main.inc
          RX_DELAY_NEXT_H   0x00002b       data     extern E:\Lukas\DALI_MixWerk\DALI_Bridge_Source_00811\v2_04a\main.inc
          RX_DELAY_NEXT_L   0x00002c       data     extern E:\Lukas\DALI_MixWerk\DALI_Bridge_Source_00811\v2_04a\main.inc
                 RX_DEBUG   0x00002d       data     extern E:\Lukas\DALI_MixWerk\DALI_Bridge_Source_00811\v2_04a\main.inc
        DOUBLE_SEND_DELAY   0x00002e       data     extern E:\Lukas\DALI_MixWerk\DALI_Bridge_Source_00811\v2_04a\main.inc
           SEQUENCE_DELAY   0x00002f       data     extern E:\Lukas\DALI_MixWerk\DALI_Bridge_Source_00811\v2_04a\main.inc
                BAUD_RATE   0x000030       data     extern E:\Lukas\DALI_MixWerk\DALI_Bridge_Source_00811\v2_04a\main.inc
                  COMMAND   0x000031       data     static E:\Lukas\DALI_MixWerk\DALI_Bridge_Source_00811\v2_04a\main.inc
                   DALI_H   0x000032       data     extern E:\Lukas\DALI_MixWerk\DALI_Bridge_Source_00811\v2_04a\main.inc
                   DALI_L   0x000033       data     extern E:\Lukas\DALI_MixWerk\DALI_Bridge_Source_00811\v2_04a\main.inc
            BRIDGE_STATUS   0x000034       data     extern E:\Lukas\DALI_MixWerk\DALI_Bridge_Source_00811\v2_04a\main.inc
              DALI_H_BAK1   0x000035       data     extern E:\Lukas\DALI_MixWerk\DALI_Bridge_Source_00811\v2_04a\main.inc
              DALI_L_BAK1   0x000036       data     extern E:\Lukas\DALI_MixWerk\DALI_Bridge_Source_00811\v2_04a\main.inc
              DALI_H_BAK2   0x000037       data     extern E:\Lukas\DALI_MixWerk\DALI_Bridge_Source_00811\v2_04a\main.inc
              DALI_L_BAK2   0x000038       data     extern E:\Lukas\DALI_MixWerk\DALI_Bridge_Source_00811\v2_04a\main.inc
              DALI_H_BAK3   0x000039       data     extern E:\Lukas\DALI_MixWerk\DALI_Bridge_Source_00811\v2_04a\main.inc
              DALI_L_BAK3   0x00003a       data     extern E:\Lukas\DALI_MixWerk\DALI_Bridge_Source_00811\v2_04a\main.inc
             MILLISECONDS   0x00003b       data     extern E:\Lukas\DALI_MixWerk\DALI_Bridge_Source_00811\v2_04a\main.inc
            OVER_LOAD_CNT   0x00003c       data     extern E:\Lukas\DALI_MixWerk\DALI_Bridge_Source_00811\v2_04a\main.inc
                COUNTER_L   0x00003d       data     extern E:\Lukas\DALI_MixWerk\DALI_Bridge_Source_00811\v2_04a\main.inc
                 SEARCH_H   0x00003e       data     extern E:\Lukas\DALI_MixWerk\DALI_Bridge_Source_00811\v2_04a\main.inc
                 SEARCH_M   0x00003f       data     extern E:\Lukas\DALI_MixWerk\DALI_Bridge_Source_00811\v2_04a\main.inc
                 SEARCH_L   0x000040       data     extern E:\Lukas\DALI_MixWerk\DALI_Bridge_Source_00811\v2_04a\main.inc
                   W_COPY   0x000070       data     extern E:\Lukas\DALI_MixWerk\DALI_Bridge_Source_00811\v2_04a\main.inc
              STATUS_COPY   0x000071       data     extern E:\Lukas\DALI_MixWerk\DALI_Bridge_Source_00811\v2_04a\main.inc
               PORTB_COPY   0x000072       data     extern E:\Lukas\DALI_MixWerk\DALI_Bridge_Source_00811\v2_04a\main.inc
                    WREG1   0x000073       data     extern E:\Lukas\DALI_MixWerk\DALI_Bridge_Source_00811\v2_04a\main.inc
                    WREG2   0x000074       data     extern E:\Lukas\DALI_MixWerk\DALI_Bridge_Source_00811\v2_04a\main.inc
                    WREG3   0x000075       data     extern E:\Lukas\DALI_MixWerk\DALI_Bridge_Source_00811\v2_04a\main.inc
                    WREG4   0x000076       data     extern E:\Lukas\DALI_MixWerk\DALI_Bridge_Source_00811\v2_04a\main.inc
                    WREG5   0x000077       data     extern E:\Lukas\DALI_MixWerk\DALI_Bridge_Source_00811\v2_04a\main.inc
                    WREG6   0x000078       data     extern E:\Lukas\DALI_MixWerk\DALI_Bridge_Source_00811\v2_04a\main.inc


