MPASM  5.36                         RESET.ASM   9-16-2010  14:18:52         PAGE  1


LOC  OBJECT CODE     LINE SOURCE TEXT
  VALUE

                      00001 ; *************************************************************************** ;
                      00002 ; The reset loader program by Ross Fosler                                     ;
                      00003 ; v1.00  11/04/00   ... created ...                                           ;
                      00004 ;                                                                             ;
                      00005 ; This is the reset function.  All stored data in EE Data Mem is loaded into  ;
                      00006 ; adjacent registers in RAM.                                                  ;
                      00007 ;                                                                             ;
                      00008 ; *************************************************************************** ;
                      00009 
                      00010 
                      00011 ; *****************************************************************************
                      00012         #include        p16f628.inc
                      00001         LIST
                      00002 ; P16F628.INC  Standard Header File, Version 1.01    Microchip Technology, Inc.
                      00258         LIST
                      00013         #include        instruct.inc
                      00001 ; *****************************************************************************
                      00002 #define skifz           btfss   STATUS, Z       ; Skip if zero
                      00003 #define skifnz          btfsc   STATUS, Z       ; Skip if not zero
                      00004 ; *****************************************************************************
                      00005 
                      00006 ; *** Branch if Zero **********************************************************
                      00007 brz     macro   WHERE
                      00008         skifnz
                      00009         goto    WHERE
                      00010         endm
                      00011 ; *****************************************************************************
                      00012 
                      00013 ; *** Branch if Not Zero ******************************************************
                      00014 brnz    macro   WHERE
                      00015         skifz
                      00016         goto    WHERE
                      00017         endm
                      00018 ; *****************************************************************************
                      00019 
                      00020 ; *** Wait Until Set **********************************************************
                      00021 wus     macro   WHO, BIT
                      00022         btfss   WHO, BIT
                      00023         goto    $ - 1
                      00024         endm
                      00025 ; *****************************************************************************
                      00026 
                      00027 ; *** Wait Until Clear ********************************************************
                      00028 wuc     macro   WHO, BIT
                      00029         btfsc   WHO, BIT
                      00030         goto    $ - 1
                      00031         endm
                      00032 ; *****************************************************************************
                      00033 
                      00034 ; *** Branch if Bit is Set ****************************************************
                      00035 brset   macro   WHO, BIT, WHERE 
                      00036         btfsc   WHO, BIT
                      00037         goto    WHERE
MPASM  5.36                         RESET.ASM   9-16-2010  14:18:52         PAGE  2


LOC  OBJECT CODE     LINE SOURCE TEXT
  VALUE

                      00038         endm
                      00039 ; *****************************************************************************
                      00040 
                      00041 ; *** Branch if Bit is Clear **************************************************
                      00042 brclr   macro   WHO, BIT, WHERE
                      00043         btfss   WHO, BIT
                      00044         goto    WHERE
                      00045         endm    
                      00046 ; *****************************************************************************
                      00047 
                      00048 ; *** Branch if Negative ******************************************************
                      00049 brn     macro   WHERE
                      00050         btfss   STATUS, C
                      00051         goto    WHERE
                      00052         endm
                      00053 ; *****************************************************************************
                      00054 
                      00055 ; *** If FILE1 > FILE2 then Branch ********************************************
                      00056 cffbig  macro   FILE1, FILE2, WHERE
                      00057         movf    FILE1, W
                      00058         subwf   FILE2, W
                      00059         btfss   STATUS, C
                      00060         goto    WHERE
                      00061         endm
                      00062 ; *****************************************************************************
                      00063 
                      00064 ; *** If FILE1 < FILE2 then Branch ********************************************
                      00065 cffbis  macro   FILE1, FILE2, WHERE
                      00066         movf    FILE2, W
                      00067         subwf   FILE1, W
                      00068         btfss   STATUS, C
                      00069         goto    WHERE
                      00070         endm
                      00071 ; *****************************************************************************
                      00072 
                      00073 ; *** If FILE1 = FILE2 then Branch ********************************************
                      00074 cffbie  macro   FILE1, FILE2, WHERE
                      00075         movf    FILE2, W
                      00076         subwf   FILE1, W
                      00077         btfsc   STATUS, Z
                      00078         goto    WHERE
                      00079         endm
                      00080 ; *****************************************************************************
                      00081 
                      00082 ; *** If FILE1 != FILE2 then Branch *******************************************
                      00083 cffbin  macro   FILE1, FILE2, WHERE
                      00084         movf    FILE2, W
                      00085         subwf   FILE1, W
                      00086         btfss   STATUS, Z
                      00087         goto    WHERE
                      00088         endm
                      00089 ; *****************************************************************************
                      00090 
MPASM  5.36                         RESET.ASM   9-16-2010  14:18:52         PAGE  3


LOC  OBJECT CODE     LINE SOURCE TEXT
  VALUE

                      00091 ; *** If FILE1 > LIT1 then Branch *********************************************
                      00092 cflbig  macro   FILE1, LIT1, WHERE
                      00093         movf    FILE1, W
                      00094         sublw   LIT1
                      00095         btfss   STATUS, C
                      00096         goto    WHERE
                      00097         endm
                      00098 ; *****************************************************************************
                      00099 
                      00100 ; *** If FILE1 < LIT1 then Branch *********************************************
                      00101 cflbis  macro   FILE1, LIT1, WHERE
                      00102         movlw   LIT1
                      00103         subwf   FILE1, W
                      00104         btfss   STATUS, C
                      00105         goto    WHERE
                      00106         endm
                      00107 ; *****************************************************************************
                      00108 
                      00109 ; *** If FILE1 = LIT1 then Branch *********************************************
                      00110 cflbie  macro   FILE1, LIT1, WHERE
                      00111         movf    FILE1, W
                      00112         sublw   LIT1
                      00113         btfsc   STATUS, Z
                      00114         goto    WHERE
                      00115         endm
                      00116 ; *****************************************************************************
                      00117 
                      00118 ; *** If FILE1 != LIT1 then Branch ********************************************
                      00119 cflbin  macro   FILE1, LIT1, WHERE
                      00120         movf    FILE1, W
                      00121         sublw   LIT1
                      00122         btfss   STATUS, Z
                      00123         goto    WHERE
                      00124         endm
                      00125 ; *****************************************************************************
                      00126 
                      00127 ; *** If FILE1 > FILE2 then Branch ********************************************
                      00128 cffcig  macro   FILE1, FILE2, WHERE
                      00129         movf    FILE1, W
                      00130         subwf   FILE2, W
                      00131         btfss   STATUS, C
                      00132         call    WHERE
                      00133         endm
                      00134 ; *****************************************************************************
                      00135 
                      00136 ; *** If FILE1 < FILE2 then Branch ********************************************
                      00137 cffcis  macro   FILE1, FILE2, WHERE
                      00138         movf    FILE2, W
                      00139         subwf   FILE1, W
                      00140         btfss   STATUS, C
                      00141         call    WHERE
                      00142         endm
                      00143 ; *****************************************************************************
MPASM  5.36                         RESET.ASM   9-16-2010  14:18:52         PAGE  4


LOC  OBJECT CODE     LINE SOURCE TEXT
  VALUE

                      00144 
                      00145 ; *** If FILE1 = FILE2 then Branch ********************************************
                      00146 cffcie  macro   FILE1, FILE2, WHERE
                      00147         movf    FILE2, W
                      00148         subwf   FILE1, W
                      00149         btfsc   STATUS, Z
                      00150         call    WHERE
                      00151         endm
                      00152 ; *****************************************************************************
                      00153 
                      00154 ; *** If FILE1 != FILE2 then Branch *******************************************
                      00155 cffcin  macro   FILE1, FILE2, WHERE
                      00156         movf    FILE2, W
                      00157         subwf   FILE1, W
                      00158         btfss   STATUS, Z
                      00159         call    WHERE
                      00160         endm
                      00161 ; *****************************************************************************
                      00162 
                      00163 ; *** If FILE1 > LIT1 then Branch *********************************************
                      00164 cflcig  macro   FILE1, LIT1, WHERE
                      00165         movf    FILE1, W
                      00166         sublw   LIT1
                      00167         btfss   STATUS, C
                      00168         call    WHERE
                      00169         endm
                      00170 ; *****************************************************************************
                      00171 
                      00172 ; *** If FILE1 < LIT1 then Branch *********************************************
                      00173 cflcis  macro   FILE1, LIT1, WHERE
                      00174         movlw   LIT1
                      00175         subwf   FILE1, W
                      00176         btfss   STATUS, C
                      00177         call    WHERE
                      00178         endm
                      00179 ; *****************************************************************************
                      00180 
                      00181 ; *** If FILE1 = LIT1 then Branch *********************************************
                      00182 cflcie  macro   FILE1, LIT1, WHERE
                      00183         movf    FILE1, W
                      00184         sublw   LIT1
                      00185         btfsc   STATUS, Z
                      00186         call    WHERE
                      00187         endm
                      00188 ; *****************************************************************************
                      00189 
                      00190 ; *** If FILE1 != LIT1 then Branch ********************************************
                      00191 cflcin  macro   FILE1, LIT1, WHERE
                      00192         movf    FILE1, W
                      00193         sublw   LIT1
                      00194         btfss   STATUS, Z
                      00195         call    WHERE
                      00196         endm
MPASM  5.36                         RESET.ASM   9-16-2010  14:18:52         PAGE  5


LOC  OBJECT CODE     LINE SOURCE TEXT
  VALUE

                      00197 ; *****************************************************************************
                      00198 
                      00199 ; *****************************************************************************
                      00200 movff   macro   HERE, THERE
                      00201         movf    HERE, W
                      00202         movwf   THERE
                      00203         endm
                      00204 ; *****************************************************************************
                      00205 
                      00206 ; *****************************************************************************
                      00207 movlf   macro   DAT, THERE
                      00208         movlw   DAT
                      00209         movwf   THERE
                      00210         endm
                      00211 ; *****************************************************************************
                      00212 
                      00213 ; *** Add Literal to File *****************************************************
                      00214 addlf   macro   LIT1, FILE1, DIR
                      00215         movlw   LIT1
                      00216         addwf   FILE1, DIR
                      00217         endm    
                      00218 ; *****************************************************************************
                      00219 
                      00220 ; *** Subtract Literal from File **********************************************
                      00221 sublf   macro   LIT1, FILE1, DIR
                      00222         movlw   LIT1
                      00223         subwf   FILE1, DIR
                      00224         endm    
                      00225 ; *****************************************************************************
                      00226 
                      00227 ; *** Branch if Carry *********************************************************
                      00228 brc     macro   WHERE
                      00229         btfsc   STATUS, C
                      00230         goto    WHERE
                      00231         endm
                      00232 ; *****************************************************************************
                      00233 
                      00234 ; *** Branch if No Carry ******************************************************
                      00235 brnc    macro   WHERE
                      00236         btfss   STATUS, C
                      00237         goto    WHERE
                      00238         endm
                      00239 ; *****************************************************************************
                      00240 
                      00241 ; *** OR file w/ file *********************************************************
                      00242 iorff   macro   FILE1, FILE2, DIR
                      00243         movf    FILE2, W
                      00244         iorwf   FILE1, DIR
                      00245         endm
                      00246 ; *****************************************************************************
                      00247 
                      00248 
                      00014 ; *****************************************************************************
MPASM  5.36                         RESET.ASM   9-16-2010  14:18:52         PAGE  6


LOC  OBJECT CODE     LINE SOURCE TEXT
  VALUE

                      00015 
                      00016 
                      00017 ; *****************************************************************************
  0000                00018         EXTERN  TX_EDGE_DELAY_H, SEQUENCE_DELAY, BAUD_RATE
                      00019 ; *****************************************************************************
                      00020 
                      00021 
                      00022 ; *****************************************************************************
                      00023 RESET_LOAD      CODE    
                      00024 ; *****************************************************************************
0000                  00025 LoadReset
0000   1683 1303      00026         banksel EEADR                   ; Init the first values  
                      00027         movlf   TX_EDGE_DELAY_H, FSR
0002   30??               M         movlw   TX_EDGE_DELAY_H
0003   0084               M         movwf   FSR
Message[302]: Register in operand not in bank 0.  Ensure that bank bits are correct.
0004   019B           00028         clrf    EEADR
                      00029         
Message[302]: Register in operand not in bank 0.  Ensure that bank bits are correct.
0005   141C           00030 Lp1     bsf     EECON1, RD              ; Read the reset data
                      00031         movff   EEDATA, INDF
Message[302]: Register in operand not in bank 0.  Ensure that bank bits are correct.
0006   081A               M         movf    EEDATA, W
0007   0080               M         movwf   INDF
0008   0A84           00032         incf    FSR, F
Message[302]: Register in operand not in bank 0.  Ensure that bank bits are correct.
0009   0A9B           00033         incf    EEADR, F
                      00034 
                      00035         cflbis  FSR, BAUD_RATE + 1, Lp1 
000A   30??               M         movlw   BAUD_RATE + 1
000B   0204               M         subwf   FSR,   W
000C   1C03               M         btfss   STATUS, C
000D   2???               M         goto    Lp1
                      00036 
000E   ???? ????      00037         banksel SEQUENCE_DELAY          ; Go back to bank 0
                      00038 
0010   0008           00039         return
                      00040 
  0000                00041         GLOBAL  LoadReset
                      00042 ; *****************************************************************************
                      00043 
                      00044         END
MPASM  5.36                         RESET.ASM   9-16-2010  14:18:52         PAGE  7


SYMBOL TABLE
  LABEL                             VALUE 

ADEN                              00000003
BAUD_RATE                         00000000
BRGH                              00000002
C                                 00000000
C1INV                             00000004
C1OUT                             00000006
C2INV                             00000005
C2OUT                             00000007
CCP1CON                           00000017
CCP1IE                            00000002
CCP1IF                            00000002
CCP1M0                            00000000
CCP1M1                            00000001
CCP1M2                            00000002
CCP1M3                            00000003
CCP1X                             00000005
CCP1Y                             00000004
CCPR1H                            00000016
CCPR1L                            00000015
CIS                               00000003
CM0                               00000000
CM1                               00000001
CM2                               00000002
CMCON                             0000001F
CMIE                              00000006
CMIF                              00000006
CREN                              00000004
CSRC                              00000007
DC                                00000001
EEADR                             0000009B
EECON1                            0000009C
EECON2                            0000009D
EEDATA                            0000009A
EEIE                              00000007
EEIF                              00000007
F                                 00000001
FERR                              00000002
FSR                               00000004
GIE                               00000007
INDF                              00000000
INTCON                            0000000B
INTE                              00000004
INTEDG                            00000006
INTF                              00000001
IRP                               00000007
LoadReset                         00000000
Lp1                               00000005
NOT_BO                            00000000
NOT_BOR                           00000000
NOT_PD                            00000003
NOT_POR                           00000001
NOT_RBPU                          00000007
NOT_T1SYNC                        00000002
MPASM  5.36                         RESET.ASM   9-16-2010  14:18:52         PAGE  8


SYMBOL TABLE
  LABEL                             VALUE 

NOT_TO                            00000004
OERR                              00000001
OPTION_REG                        00000081
OSCF                              00000003
PCL                               00000002
PCLATH                            0000000A
PCON                              0000008E
PEIE                              00000006
PIE1                              0000008C
PIR1                              0000000C
PORTA                             00000005
PORTB                             00000006
PR2                               00000092
PS0                               00000000
PS1                               00000001
PS2                               00000002
PSA                               00000003
RBIE                              00000003
RBIF                              00000000
RCIE                              00000005
RCIF                              00000005
RCREG                             0000001A
RCSTA                             00000018
RD                                00000000
RP0                               00000005
RP1                               00000006
RX9                               00000006
RX9D                              00000000
SEQUENCE_DELAY                    00000000
SPBRG                             00000099
SPEN                              00000007
SREN                              00000005
STATUS                            00000003
SYNC                              00000004
T0CS                              00000005
T0IE                              00000005
T0IF                              00000002
T0SE                              00000004
T1CKPS0                           00000004
T1CKPS1                           00000005
T1CON                             00000010
T1OSCEN                           00000003
T2CKPS0                           00000000
T2CKPS1                           00000001
T2CON                             00000012
TMR0                              00000001
TMR1CS                            00000001
TMR1H                             0000000F
TMR1IE                            00000000
TMR1IF                            00000000
TMR1L                             0000000E
TMR1ON                            00000000
TMR2                              00000011
MPASM  5.36                         RESET.ASM   9-16-2010  14:18:52         PAGE  9


SYMBOL TABLE
  LABEL                             VALUE 

TMR2IE                            00000001
TMR2IF                            00000001
TMR2ON                            00000002
TOUTPS0                           00000003
TOUTPS1                           00000004
TOUTPS2                           00000005
TOUTPS3                           00000006
TRISA                             00000085
TRISB                             00000086
TRMT                              00000001
TX9                               00000006
TX9D                              00000000
TXEN                              00000005
TXIE                              00000004
TXIF                              00000004
TXREG                             00000019
TXSTA                             00000098
TX_EDGE_DELAY_H                   00000000
VR0                               00000000
VR1                               00000001
VR2                               00000002
VR3                               00000003
VRCON                             0000009F
VREN                              00000007
VROE                              00000006
VRR                               00000005
W                                 00000000
WR                                00000001
WREN                              00000002
WRERR                             00000003
Z                                 00000002
_BODEN_OFF                        00003FBF
_BODEN_ON                         00003FFF
_CP_50                            00002BFF
_CP_75                            000017FF
_CP_ALL                           000003FF
_CP_OFF                           00003FFF
_ER_OSC_CLKOUT                    00003FFF
_ER_OSC_NOCLKOUT                  00003FFE
_EXTCLK_OSC                       00003FEF
_HS_OSC                           00003FEE
_INTRC_OSC_CLKOUT                 00003FFD
_INTRC_OSC_NOCLKOUT               00003FFC
_LP_OSC                           00003FEC
_LVP_OFF                          00003F7F
_LVP_ON                           00003FFF
_MCLRE_OFF                        00003FDF
_MCLRE_ON                         00003FFF
_PWRTE_OFF                        00003FFF
_PWRTE_ON                         00003FF7
_WDT_OFF                          00003FFB
_WDT_ON                           00003FFF
_XT_OSC                           00003FED
MPASM  5.36                         RESET.ASM   9-16-2010  14:18:52         PAGE 10


SYMBOL TABLE
  LABEL                             VALUE 

__16F628                          00000001
__DEBUG                           1
addlf                             
brc                               
brclr                             
brn                               
brnc                              
brnz                              
brset                             
brz                               
cffbie                            
cffbig                            
cffbin                            
cffbis                            
cffcie                            
cffcig                            
cffcin                            
cffcis                            
cflbie                            
cflbig                            
cflbin                            
cflbis                            
cflcie                            
cflcig                            
cflcin                            
cflcis                            
iorff                             
movff                             
movlf                             
skifnz                            btfsc   STATUS, Z
skifz                             btfss   STATUS, Z
sublf                             
wuc                               
wus                               

Errors   :     0
Warnings :     0 reported,     0 suppressed
Messages :     4 reported,     0 suppressed

