MPASM  5.36                        TXDALI.ASM   9-16-2010  14:18:56         PAGE  1


LOC  OBJECT CODE     LINE SOURCE TEXT
  VALUE

                      00001 
                      00002 
                      00003 ; *****************************************************************************
                      00004 #include        p16f628.inc     ; Standard include file
                      00001         LIST
                      00002 ; P16F628.INC  Standard Header File, Version 1.01    Microchip Technology, Inc.
                      00258         LIST
                      00005 #include        instruct.inc    ; Bring in complex instructions
                      00001 ; *****************************************************************************
                      00002 #define skifz           btfss   STATUS, Z       ; Skip if zero
                      00003 #define skifnz          btfsc   STATUS, Z       ; Skip if not zero
                      00004 ; *****************************************************************************
                      00005 
                      00006 ; *** Branch if Zero **********************************************************
                      00007 brz     macro   WHERE
                      00008         skifnz
                      00009         goto    WHERE
                      00010         endm
                      00011 ; *****************************************************************************
                      00012 
                      00013 ; *** Branch if Not Zero ******************************************************
                      00014 brnz    macro   WHERE
                      00015         skifz
                      00016         goto    WHERE
                      00017         endm
                      00018 ; *****************************************************************************
                      00019 
                      00020 ; *** Wait Until Set **********************************************************
                      00021 wus     macro   WHO, BIT
                      00022         btfss   WHO, BIT
                      00023         goto    $ - 1
                      00024         endm
                      00025 ; *****************************************************************************
                      00026 
                      00027 ; *** Wait Until Clear ********************************************************
                      00028 wuc     macro   WHO, BIT
                      00029         btfsc   WHO, BIT
                      00030         goto    $ - 1
                      00031         endm
                      00032 ; *****************************************************************************
                      00033 
                      00034 ; *** Branch if Bit is Set ****************************************************
                      00035 brset   macro   WHO, BIT, WHERE 
                      00036         btfsc   WHO, BIT
                      00037         goto    WHERE
                      00038         endm
                      00039 ; *****************************************************************************
                      00040 
                      00041 ; *** Branch if Bit is Clear **************************************************
                      00042 brclr   macro   WHO, BIT, WHERE
                      00043         btfss   WHO, BIT
                      00044         goto    WHERE
                      00045         endm    
MPASM  5.36                        TXDALI.ASM   9-16-2010  14:18:56         PAGE  2


LOC  OBJECT CODE     LINE SOURCE TEXT
  VALUE

                      00046 ; *****************************************************************************
                      00047 
                      00048 ; *** Branch if Negative ******************************************************
                      00049 brn     macro   WHERE
                      00050         btfss   STATUS, C
                      00051         goto    WHERE
                      00052         endm
                      00053 ; *****************************************************************************
                      00054 
                      00055 ; *** If FILE1 > FILE2 then Branch ********************************************
                      00056 cffbig  macro   FILE1, FILE2, WHERE
                      00057         movf    FILE1, W
                      00058         subwf   FILE2, W
                      00059         btfss   STATUS, C
                      00060         goto    WHERE
                      00061         endm
                      00062 ; *****************************************************************************
                      00063 
                      00064 ; *** If FILE1 < FILE2 then Branch ********************************************
                      00065 cffbis  macro   FILE1, FILE2, WHERE
                      00066         movf    FILE2, W
                      00067         subwf   FILE1, W
                      00068         btfss   STATUS, C
                      00069         goto    WHERE
                      00070         endm
                      00071 ; *****************************************************************************
                      00072 
                      00073 ; *** If FILE1 = FILE2 then Branch ********************************************
                      00074 cffbie  macro   FILE1, FILE2, WHERE
                      00075         movf    FILE2, W
                      00076         subwf   FILE1, W
                      00077         btfsc   STATUS, Z
                      00078         goto    WHERE
                      00079         endm
                      00080 ; *****************************************************************************
                      00081 
                      00082 ; *** If FILE1 != FILE2 then Branch *******************************************
                      00083 cffbin  macro   FILE1, FILE2, WHERE
                      00084         movf    FILE2, W
                      00085         subwf   FILE1, W
                      00086         btfss   STATUS, Z
                      00087         goto    WHERE
                      00088         endm
                      00089 ; *****************************************************************************
                      00090 
                      00091 ; *** If FILE1 > LIT1 then Branch *********************************************
                      00092 cflbig  macro   FILE1, LIT1, WHERE
                      00093         movf    FILE1, W
                      00094         sublw   LIT1
                      00095         btfss   STATUS, C
                      00096         goto    WHERE
                      00097         endm
                      00098 ; *****************************************************************************
MPASM  5.36                        TXDALI.ASM   9-16-2010  14:18:56         PAGE  3


LOC  OBJECT CODE     LINE SOURCE TEXT
  VALUE

                      00099 
                      00100 ; *** If FILE1 < LIT1 then Branch *********************************************
                      00101 cflbis  macro   FILE1, LIT1, WHERE
                      00102         movlw   LIT1
                      00103         subwf   FILE1, W
                      00104         btfss   STATUS, C
                      00105         goto    WHERE
                      00106         endm
                      00107 ; *****************************************************************************
                      00108 
                      00109 ; *** If FILE1 = LIT1 then Branch *********************************************
                      00110 cflbie  macro   FILE1, LIT1, WHERE
                      00111         movf    FILE1, W
                      00112         sublw   LIT1
                      00113         btfsc   STATUS, Z
                      00114         goto    WHERE
                      00115         endm
                      00116 ; *****************************************************************************
                      00117 
                      00118 ; *** If FILE1 != LIT1 then Branch ********************************************
                      00119 cflbin  macro   FILE1, LIT1, WHERE
                      00120         movf    FILE1, W
                      00121         sublw   LIT1
                      00122         btfss   STATUS, Z
                      00123         goto    WHERE
                      00124         endm
                      00125 ; *****************************************************************************
                      00126 
                      00127 ; *** If FILE1 > FILE2 then Branch ********************************************
                      00128 cffcig  macro   FILE1, FILE2, WHERE
                      00129         movf    FILE1, W
                      00130         subwf   FILE2, W
                      00131         btfss   STATUS, C
                      00132         call    WHERE
                      00133         endm
                      00134 ; *****************************************************************************
                      00135 
                      00136 ; *** If FILE1 < FILE2 then Branch ********************************************
                      00137 cffcis  macro   FILE1, FILE2, WHERE
                      00138         movf    FILE2, W
                      00139         subwf   FILE1, W
                      00140         btfss   STATUS, C
                      00141         call    WHERE
                      00142         endm
                      00143 ; *****************************************************************************
                      00144 
                      00145 ; *** If FILE1 = FILE2 then Branch ********************************************
                      00146 cffcie  macro   FILE1, FILE2, WHERE
                      00147         movf    FILE2, W
                      00148         subwf   FILE1, W
                      00149         btfsc   STATUS, Z
                      00150         call    WHERE
                      00151         endm
MPASM  5.36                        TXDALI.ASM   9-16-2010  14:18:56         PAGE  4


LOC  OBJECT CODE     LINE SOURCE TEXT
  VALUE

                      00152 ; *****************************************************************************
                      00153 
                      00154 ; *** If FILE1 != FILE2 then Branch *******************************************
                      00155 cffcin  macro   FILE1, FILE2, WHERE
                      00156         movf    FILE2, W
                      00157         subwf   FILE1, W
                      00158         btfss   STATUS, Z
                      00159         call    WHERE
                      00160         endm
                      00161 ; *****************************************************************************
                      00162 
                      00163 ; *** If FILE1 > LIT1 then Branch *********************************************
                      00164 cflcig  macro   FILE1, LIT1, WHERE
                      00165         movf    FILE1, W
                      00166         sublw   LIT1
                      00167         btfss   STATUS, C
                      00168         call    WHERE
                      00169         endm
                      00170 ; *****************************************************************************
                      00171 
                      00172 ; *** If FILE1 < LIT1 then Branch *********************************************
                      00173 cflcis  macro   FILE1, LIT1, WHERE
                      00174         movlw   LIT1
                      00175         subwf   FILE1, W
                      00176         btfss   STATUS, C
                      00177         call    WHERE
                      00178         endm
                      00179 ; *****************************************************************************
                      00180 
                      00181 ; *** If FILE1 = LIT1 then Branch *********************************************
                      00182 cflcie  macro   FILE1, LIT1, WHERE
                      00183         movf    FILE1, W
                      00184         sublw   LIT1
                      00185         btfsc   STATUS, Z
                      00186         call    WHERE
                      00187         endm
                      00188 ; *****************************************************************************
                      00189 
                      00190 ; *** If FILE1 != LIT1 then Branch ********************************************
                      00191 cflcin  macro   FILE1, LIT1, WHERE
                      00192         movf    FILE1, W
                      00193         sublw   LIT1
                      00194         btfss   STATUS, Z
                      00195         call    WHERE
                      00196         endm
                      00197 ; *****************************************************************************
                      00198 
                      00199 ; *****************************************************************************
                      00200 movff   macro   HERE, THERE
                      00201         movf    HERE, W
                      00202         movwf   THERE
                      00203         endm
                      00204 ; *****************************************************************************
MPASM  5.36                        TXDALI.ASM   9-16-2010  14:18:56         PAGE  5


LOC  OBJECT CODE     LINE SOURCE TEXT
  VALUE

                      00205 
                      00206 ; *****************************************************************************
                      00207 movlf   macro   DAT, THERE
                      00208         movlw   DAT
                      00209         movwf   THERE
                      00210         endm
                      00211 ; *****************************************************************************
                      00212 
                      00213 ; *** Add Literal to File *****************************************************
                      00214 addlf   macro   LIT1, FILE1, DIR
                      00215         movlw   LIT1
                      00216         addwf   FILE1, DIR
                      00217         endm    
                      00218 ; *****************************************************************************
                      00219 
                      00220 ; *** Subtract Literal from File **********************************************
                      00221 sublf   macro   LIT1, FILE1, DIR
                      00222         movlw   LIT1
                      00223         subwf   FILE1, DIR
                      00224         endm    
                      00225 ; *****************************************************************************
                      00226 
                      00227 ; *** Branch if Carry *********************************************************
                      00228 brc     macro   WHERE
                      00229         btfsc   STATUS, C
                      00230         goto    WHERE
                      00231         endm
                      00232 ; *****************************************************************************
                      00233 
                      00234 ; *** Branch if No Carry ******************************************************
                      00235 brnc    macro   WHERE
                      00236         btfss   STATUS, C
                      00237         goto    WHERE
                      00238         endm
                      00239 ; *****************************************************************************
                      00240 
                      00241 ; *** OR file w/ file *********************************************************
                      00242 iorff   macro   FILE1, FILE2, DIR
                      00243         movf    FILE2, W
                      00244         iorwf   FILE1, DIR
                      00245         endm
                      00246 ; *****************************************************************************
                      00247 
                      00248 
                      00006 #include        user_mac.inc    ; Bring in application specific instructions
                      00001 #define dvron   bsf     PORTB, 3
                      00002 #define dvroff  bcf     PORTB, 3
                      00003 
                      00004 
                      00005 ; *****************************************************************************
                      00006 txdali  macro   MYREGH, MYREGL
                      00007         movff   MYREGH, DALI_H
                      00008         movff   MYREGL, DALI_L
MPASM  5.36                        TXDALI.ASM   9-16-2010  14:18:56         PAGE  6


LOC  OBJECT CODE     LINE SOURCE TEXT
  VALUE

                      00009         call    SendData
                      00010         endm
                      00011 ; *****************************************************************************
                      00012 
                      00013 
                      00014 ; *****************************************************************************
                      00015 rxdali  macro
                      00016         call    RecvData
                      00017         endm
                      00018 ; *****************************************************************************
                      00019 
                      00020 
                      00021 ; *****************************************************************************
                      00022 tx      macro   MYREG
                      00023         movff   MYREG, TXREG
                      00024         endm
                      00025 ; *****************************************************************************
                      00026 
                      00027 
                      00028 ; *****************************************************************************
                      00029 delay   macro   MYLIT
                      00030         movlf   high MYLIT, TMR1H
                      00031         movlf   low MYLIT, TMR1L
                      00032         call    DelayCyclesT1
                      00033         endm
                      00034 ; *****************************************************************************
                      00035 
                      00036 
                      00037 ; *****************************************************************************
                      00038 delayf  macro   MYFILE_H, MYFILE_L
                      00039         movff   MYFILE_H, TMR1H
                      00040         movff   MYFILE_L, TMR1L
                      00041         call    DelayCyclesT1
                      00042         endm
                      00043 ; *****************************************************************************
                      00044 
                      00045 
                      00046 ; *** Set DALI Bus High *******************************************************
                      00047 outhi   macro
                      00048         bcf     PORTB, 4                ; Turn off clamp
                      00049         goto    $ + 1
                      00050         bsf     PORTB, 5                ; Turn on output
                      00051 ;       goto    $ + 1
                      00052 ;       goto    $ + 1
                      00053         endm
                      00054 ; *****************************************************************************
                      00055 
                      00056 
                      00057 ; *** Set DALI Bus Low ********************************************************
                      00058 outlo   macro
                      00059         bcf     PORTB, 5                ; Turn off output driver
                      00060         goto    $ + 1                   ; Wait a little for gate discharge
                      00061         bsf     PORTB, 4                ; Turn on clamp
MPASM  5.36                        TXDALI.ASM   9-16-2010  14:18:56         PAGE  7


LOC  OBJECT CODE     LINE SOURCE TEXT
  VALUE

                      00062 ;       goto    $ + 1
                      00063         endm
                      00064 ; *****************************************************************************
                      00065 
                      00066 
                      00067 ; *** Emergency Shutdown ******************************************************
                      00068 esdwn   macro   WHERE
                      00069         bcf     PORTB, 3                ; Turn off output driver
                      00070         goto    WHERE
                      00071         endm
                      00072 ; *****************************************************************************
                      00073 
                      00074 
                      00075 ; *****************************************************************************
                      00076 wrtee   macro   MYREG
                      00077         banksel EEADR
                      00078         movwf   EEDATA                          ; Init the first values 
                      00079         movlw   TX_EDGE_DELAY_H
                      00080         sublw   MYREG
                      00081         movwf   EEADR 
                      00082         call    WriteEEData
                      00083         endm
                      00084 ; *****************************************************************************
                      00085 
                      00086 
                      00007 ; *****************************************************************************
                      00008 
                      00009 
                      00010 ; *****************************************************************************
  0000                00011         EXTERN  DALI_H, DALI_L
  0000                00012         EXTERN  DelayCyclesT1
  0000                00013         EXTERN  TX_EDGE_DELAY_H, TX_EDGE_DELAY_L, TX_STOP_DELAY_H, TX_STOP_DELAY_L
  0000                00014         EXTERN  TX_REG_DELAY_H, TX_REG_DELAY_L
                      00015 ; *****************************************************************************
                      00016 
                      00017 
                      00018 ; *****************************************************************************
                      00019 TX_DALI CODE
0000                  00020 SendData
0000   1F1F           00021         btfss   CMCON, C1OUT            ; Don't transmit if overload
0001   3401           00022         retlw   0x01
                      00023 
0002   138B           00024         bcf     INTCON, GIE             ; Disable Interrupts
                      00025 
                      00026         movlf   0x37, CMCON             ; Release the regulator
0003   3037               M         movlw   0x37
0004   009F               M         movwf   CMCON
0005   1205           00027         bcf     PORTA, 4
                      00028 
0006   2???           00029         call    XmitOne                 ; Send Start Bit
                      00030 
0007   1B80           00031         btfsc   DALI_H, 7               
0008   2???           00032         call    XmitOne
MPASM  5.36                        TXDALI.ASM   9-16-2010  14:18:56         PAGE  8


LOC  OBJECT CODE     LINE SOURCE TEXT
  VALUE

0009   1F80           00033         btfss   DALI_H, 7
000A   2???           00034         call    XmitZero
000B   1B00           00035         btfsc   DALI_H, 6
000C   2???           00036         call    XmitOne
000D   1F00           00037         btfss   DALI_H, 6
000E   2???           00038         call    XmitZero
000F   1A80           00039         btfsc   DALI_H, 5
0010   2???           00040         call    XmitOne
0011   1E80           00041         btfss   DALI_H, 5
0012   2???           00042         call    XmitZero
0013   1A00           00043         btfsc   DALI_H, 4
0014   2???           00044         call    XmitOne
0015   1E00           00045         btfss   DALI_H, 4
0016   2???           00046         call    XmitZero
0017   1980           00047         btfsc   DALI_H, 3
0018   2???           00048         call    XmitOne
0019   1D80           00049         btfss   DALI_H, 3
001A   2???           00050         call    XmitZero
001B   1900           00051         btfsc   DALI_H, 2
001C   2???           00052         call    XmitOne
001D   1D00           00053         btfss   DALI_H, 2
001E   2???           00054         call    XmitZero
001F   1880           00055         btfsc   DALI_H, 1
0020   2???           00056         call    XmitOne
0021   1C80           00057         btfss   DALI_H, 1
0022   2???           00058         call    XmitZero
0023   1800           00059         btfsc   DALI_H, 0
0024   2???           00060         call    XmitOne
0025   1C00           00061         btfss   DALI_H, 0
0026   2???           00062         call    XmitZero
                      00063 
0027   1B80           00064         btfsc   DALI_L, 7
0028   2???           00065         call    XmitOne
0029   1F80           00066         btfss   DALI_L, 7
002A   2???           00067         call    XmitZero
002B   1B00           00068         btfsc   DALI_L, 6
002C   2???           00069         call    XmitOne
002D   1F00           00070         btfss   DALI_L, 6
002E   2???           00071         call    XmitZero
002F   1A80           00072         btfsc   DALI_L, 5
0030   2???           00073         call    XmitOne
0031   1E80           00074         btfss   DALI_L, 5
0032   2???           00075         call    XmitZero
0033   1A00           00076         btfsc   DALI_L, 4
0034   2???           00077         call    XmitOne
0035   1E00           00078         btfss   DALI_L, 4
0036   2???           00079         call    XmitZero
0037   1980           00080         btfsc   DALI_L, 3
0038   2???           00081         call    XmitOne
0039   1D80           00082         btfss   DALI_L, 3
003A   2???           00083         call    XmitZero
003B   1900           00084         btfsc   DALI_L, 2
003C   2???           00085         call    XmitOne
MPASM  5.36                        TXDALI.ASM   9-16-2010  14:18:56         PAGE  9


LOC  OBJECT CODE     LINE SOURCE TEXT
  VALUE

003D   1D00           00086         btfss   DALI_L, 2
003E   2???           00087         call    XmitZero
003F   1880           00088         btfsc   DALI_L, 1
0040   2???           00089         call    XmitOne
0041   1C80           00090         btfss   DALI_L, 1
0042   2???           00091         call    XmitZero
0043   1800           00092         btfsc   DALI_L, 0
0044   2???           00093         call    XmitOne
0045   1C00           00094         btfss   DALI_L, 0
0046   2???           00095         call    XmitZero
                      00096 
                      00097         outhi                           ; Send stop bits
0047   1206               M         bcf     PORTB, 4                ; Turn off clamp
0048   2???               M         goto    $ + 1
0049   1686               M         bsf     PORTB, 5                ; Turn on output
                          M ;       goto    $ + 1
                          M ;       goto    $ + 1
                      00098         delayf  TX_STOP_DELAY_H, TX_STOP_DELAY_L
                          M         movff   TX_STOP_DELAY_H, TMR1H
004A   08??               M         movf    TX_STOP_DELAY_H, W
004B   008F               M         movwf   TMR1H
                          M         movff   TX_STOP_DELAY_L, TMR1L
004C   08??               M         movf    TX_STOP_DELAY_L, W
004D   008E               M         movwf   TMR1L
004E   2???               M         call    DelayCyclesT1
                      00099 ;       delay   0xF9E3                  ; idle for 4 * 416us - 100us
                      00100 
004F   1605           00101         bsf     PORTA, 4                ; Engage the regulator
                      00102         movlf   0x36, CMCON
0050   3036               M         movlw   0x36
0051   009F               M         movwf   CMCON
                      00103 
                      00104         delayf  TX_REG_DELAY_H, TX_REG_DELAY_L
                          M         movff   TX_REG_DELAY_H, TMR1H
0052   08??               M         movf    TX_REG_DELAY_H, W
0053   008F               M         movwf   TMR1H
                          M         movff   TX_REG_DELAY_L, TMR1L
0054   08??               M         movf    TX_REG_DELAY_L, W
0055   008E               M         movwf   TMR1L
0056   2???               M         call    DelayCyclesT1
                      00105 ;       delay   0xFF9B                  ; Wait for regulator to come up, 100us
                      00106 
0057   1206           00107         bcf     PORTB, 4                ; Disable driving output
0058   1286           00108         bcf     PORTB, 5
                      00109         
0059   178B           00110         bsf     INTCON, GIE             ; Enable interrupts
                      00111 
005A   3400           00112         retlw   0x00
                      00113 
  0000                00114         GLOBAL  SendData
                      00115 ; *****************************************************************************
                      00116 
                      00117 
MPASM  5.36                        TXDALI.ASM   9-16-2010  14:18:56         PAGE 10


LOC  OBJECT CODE     LINE SOURCE TEXT
  VALUE

                      00118 ; *****************************************************************************
005B                  00119 XmitOne
                      00120         outlo
005B   1286               M         bcf     PORTB, 5                ; Turn off output driver
005C   2???               M         goto    $ + 1                   ; Wait a little for gate discharge
005D   1606               M         bsf     PORTB, 4                ; Turn on clamp
                          M ;       goto    $ + 1
                      00121 ;       delay   0xFE76  
                      00122         delayf  TX_EDGE_DELAY_H, TX_EDGE_DELAY_L
                          M         movff   TX_EDGE_DELAY_H, TMR1H
005E   08??               M         movf    TX_EDGE_DELAY_H, W
005F   008F               M         movwf   TMR1H
                          M         movff   TX_EDGE_DELAY_L, TMR1L
0060   08??               M         movf    TX_EDGE_DELAY_L, W
0061   008E               M         movwf   TMR1L
0062   2???               M         call    DelayCyclesT1
                      00123         outhi
0063   1206               M         bcf     PORTB, 4                ; Turn off clamp
0064   2???               M         goto    $ + 1
0065   1686               M         bsf     PORTB, 5                ; Turn on output
                          M ;       goto    $ + 1
                          M ;       goto    $ + 1
                      00124 ;       delay   0xFE76
                      00125         delayf  TX_EDGE_DELAY_H, TX_EDGE_DELAY_L
                          M         movff   TX_EDGE_DELAY_H, TMR1H
0066   08??               M         movf    TX_EDGE_DELAY_H, W
0067   008F               M         movwf   TMR1H
                          M         movff   TX_EDGE_DELAY_L, TMR1L
0068   08??               M         movf    TX_EDGE_DELAY_L, W
0069   008E               M         movwf   TMR1L
006A   2???               M         call    DelayCyclesT1
006B   0008           00126         return
                      00127 ; *****************************************************************************
                      00128 
                      00129 
                      00130 ; *****************************************************************************
006C                  00131 XmitZero
                      00132         outhi
006C   1206               M         bcf     PORTB, 4                ; Turn off clamp
006D   2???               M         goto    $ + 1
006E   1686               M         bsf     PORTB, 5                ; Turn on output
                          M ;       goto    $ + 1
                          M ;       goto    $ + 1
                      00133         delayf  TX_EDGE_DELAY_H, TX_EDGE_DELAY_L
                          M         movff   TX_EDGE_DELAY_H, TMR1H
006F   08??               M         movf    TX_EDGE_DELAY_H, W
0070   008F               M         movwf   TMR1H
                          M         movff   TX_EDGE_DELAY_L, TMR1L
0071   08??               M         movf    TX_EDGE_DELAY_L, W
0072   008E               M         movwf   TMR1L
0073   2???               M         call    DelayCyclesT1
                      00134 ;       delay   0xFE76
                      00135         outlo
MPASM  5.36                        TXDALI.ASM   9-16-2010  14:18:56         PAGE 11


LOC  OBJECT CODE     LINE SOURCE TEXT
  VALUE

0074   1286               M         bcf     PORTB, 5                ; Turn off output driver
0075   2???               M         goto    $ + 1                   ; Wait a little for gate discharge
0076   1606               M         bsf     PORTB, 4                ; Turn on clamp
                          M ;       goto    $ + 1
                      00136         delayf  TX_EDGE_DELAY_H, TX_EDGE_DELAY_L
                          M         movff   TX_EDGE_DELAY_H, TMR1H
0077   08??               M         movf    TX_EDGE_DELAY_H, W
0078   008F               M         movwf   TMR1H
                          M         movff   TX_EDGE_DELAY_L, TMR1L
0079   08??               M         movf    TX_EDGE_DELAY_L, W
007A   008E               M         movwf   TMR1L
007B   2???               M         call    DelayCyclesT1
                      00137 ;       delay   0xFE76
007C   0008           00138         return
                      00139 ; *****************************************************************************
                      00140 
                      00141 
                      00142         END
MPASM  5.36                        TXDALI.ASM   9-16-2010  14:18:56         PAGE 12


SYMBOL TABLE
  LABEL                             VALUE 

ADEN                              00000003
BRGH                              00000002
C                                 00000000
C1INV                             00000004
C1OUT                             00000006
C2INV                             00000005
C2OUT                             00000007
CCP1CON                           00000017
CCP1IE                            00000002
CCP1IF                            00000002
CCP1M0                            00000000
CCP1M1                            00000001
CCP1M2                            00000002
CCP1M3                            00000003
CCP1X                             00000005
CCP1Y                             00000004
CCPR1H                            00000016
CCPR1L                            00000015
CIS                               00000003
CM0                               00000000
CM1                               00000001
CM2                               00000002
CMCON                             0000001F
CMIE                              00000006
CMIF                              00000006
CREN                              00000004
CSRC                              00000007
DALI_H                            00000000
DALI_L                            00000000
DC                                00000001
DelayCyclesT1                     00000000
EEADR                             0000009B
EECON1                            0000009C
EECON2                            0000009D
EEDATA                            0000009A
EEIE                              00000007
EEIF                              00000007
F                                 00000001
FERR                              00000002
FSR                               00000004
GIE                               00000007
INDF                              00000000
INTCON                            0000000B
INTE                              00000004
INTEDG                            00000006
INTF                              00000001
IRP                               00000007
NOT_BO                            00000000
NOT_BOR                           00000000
NOT_PD                            00000003
NOT_POR                           00000001
NOT_RBPU                          00000007
NOT_T1SYNC                        00000002
MPASM  5.36                        TXDALI.ASM   9-16-2010  14:18:56         PAGE 13


SYMBOL TABLE
  LABEL                             VALUE 

NOT_TO                            00000004
OERR                              00000001
OPTION_REG                        00000081
OSCF                              00000003
PCL                               00000002
PCLATH                            0000000A
PCON                              0000008E
PEIE                              00000006
PIE1                              0000008C
PIR1                              0000000C
PORTA                             00000005
PORTB                             00000006
PR2                               00000092
PS0                               00000000
PS1                               00000001
PS2                               00000002
PSA                               00000003
RBIE                              00000003
RBIF                              00000000
RCIE                              00000005
RCIF                              00000005
RCREG                             0000001A
RCSTA                             00000018
RD                                00000000
RP0                               00000005
RP1                               00000006
RX9                               00000006
RX9D                              00000000
SPBRG                             00000099
SPEN                              00000007
SREN                              00000005
STATUS                            00000003
SYNC                              00000004
SendData                          00000000
T0CS                              00000005
T0IE                              00000005
T0IF                              00000002
T0SE                              00000004
T1CKPS0                           00000004
T1CKPS1                           00000005
T1CON                             00000010
T1OSCEN                           00000003
T2CKPS0                           00000000
T2CKPS1                           00000001
T2CON                             00000012
TMR0                              00000001
TMR1CS                            00000001
TMR1H                             0000000F
TMR1IE                            00000000
TMR1IF                            00000000
TMR1L                             0000000E
TMR1ON                            00000000
TMR2                              00000011
MPASM  5.36                        TXDALI.ASM   9-16-2010  14:18:56         PAGE 14


SYMBOL TABLE
  LABEL                             VALUE 

TMR2IE                            00000001
TMR2IF                            00000001
TMR2ON                            00000002
TOUTPS0                           00000003
TOUTPS1                           00000004
TOUTPS2                           00000005
TOUTPS3                           00000006
TRISA                             00000085
TRISB                             00000086
TRMT                              00000001
TX9                               00000006
TX9D                              00000000
TXEN                              00000005
TXIE                              00000004
TXIF                              00000004
TXREG                             00000019
TXSTA                             00000098
TX_EDGE_DELAY_H                   00000000
TX_EDGE_DELAY_L                   00000000
TX_REG_DELAY_H                    00000000
TX_REG_DELAY_L                    00000000
TX_STOP_DELAY_H                   00000000
TX_STOP_DELAY_L                   00000000
VR0                               00000000
VR1                               00000001
VR2                               00000002
VR3                               00000003
VRCON                             0000009F
VREN                              00000007
VROE                              00000006
VRR                               00000005
W                                 00000000
WR                                00000001
WREN                              00000002
WRERR                             00000003
XmitOne                           0000005B
XmitZero                          0000006C
Z                                 00000002
_BODEN_OFF                        00003FBF
_BODEN_ON                         00003FFF
_CP_50                            00002BFF
_CP_75                            000017FF
_CP_ALL                           000003FF
_CP_OFF                           00003FFF
_ER_OSC_CLKOUT                    00003FFF
_ER_OSC_NOCLKOUT                  00003FFE
_EXTCLK_OSC                       00003FEF
_HS_OSC                           00003FEE
_INTRC_OSC_CLKOUT                 00003FFD
_INTRC_OSC_NOCLKOUT               00003FFC
_LP_OSC                           00003FEC
_LVP_OFF                          00003F7F
_LVP_ON                           00003FFF
MPASM  5.36                        TXDALI.ASM   9-16-2010  14:18:56         PAGE 15


SYMBOL TABLE
  LABEL                             VALUE 

_MCLRE_OFF                        00003FDF
_MCLRE_ON                         00003FFF
_PWRTE_OFF                        00003FFF
_PWRTE_ON                         00003FF7
_TX_DALI_0048                     00000048
_TX_DALI_005C                     0000005C
_TX_DALI_0064                     00000064
_TX_DALI_006D                     0000006D
_TX_DALI_0075                     00000075
_WDT_OFF                          00003FFB
_WDT_ON                           00003FFF
_XT_OSC                           00003FED
__16F628                          00000001
__DEBUG                           1
addlf                             
brc                               
brclr                             
brn                               
brnc                              
brnz                              
brset                             
brz                               
cffbie                            
cffbig                            
cffbin                            
cffbis                            
cffcie                            
cffcig                            
cffcin                            
cffcis                            
cflbie                            
cflbig                            
cflbin                            
cflbis                            
cflcie                            
cflcig                            
cflcin                            
cflcis                            
delay                             
delayf                            
dvroff                            bcf     PORTB, 3
dvron                             bsf     PORTB, 3
esdwn                             
iorff                             
movff                             
movlf                             
outhi                             
outlo                             
rxdali                            
skifnz                            btfsc   STATUS, Z
skifz                             btfss   STATUS, Z
sublf                             
tx                                
MPASM  5.36                        TXDALI.ASM   9-16-2010  14:18:56         PAGE 16


SYMBOL TABLE
  LABEL                             VALUE 

txdali                            
wrtee                             
wuc                               
wus                               

Errors   :     0
Warnings :     0 reported,     0 suppressed
Messages :     0 reported,     0 suppressed

